Archive member included to satisfy reference by file (symbol)

libraries/lib-board/libstm32f3b.a(stm32f3_discovery.o)
                              /tmp/ccg8lSwF.o (STM_EVAL_LEDInit)
libraries/lib-mcu/libstm32f3.a(stm32f30x_exti.o)
                              libraries/lib-board/libstm32f3b.a(stm32f3_discovery.o) (EXTI_Init)
libraries/lib-mcu/libstm32f3.a(stm32f30x_gpio.o)
                              libraries/lib-board/libstm32f3b.a(stm32f3_discovery.o) (GPIO_Init)
libraries/lib-mcu/libstm32f3.a(stm32f30x_misc.o)
                              libraries/lib-board/libstm32f3b.a(stm32f3_discovery.o) (NVIC_Init)
libraries/lib-mcu/libstm32f3.a(stm32f30x_rcc.o)
                              /tmp/ccg8lSwF.o (RCC_GetClocksFreq)
libraries/lib-mcu/libstm32f3.a(stm32f30x_syscfg.o)
                              libraries/lib-board/libstm32f3b.a(stm32f3_discovery.o) (SYSCFG_EXTILineConfig)
/home/dmytro/bin/arm-unknown-eabi/lib/gcc/arm-unknown-eabi/13.2.0/../../../../arm-unknown-eabi/lib/libg.a(libc_a-atexit.o)
                              /home/dmytro/bin/arm-unknown-eabi/lib/gcc/arm-unknown-eabi/13.2.0/../../../../arm-unknown-eabi/lib/crt0.o (atexit)
/home/dmytro/bin/arm-unknown-eabi/lib/gcc/arm-unknown-eabi/13.2.0/../../../../arm-unknown-eabi/lib/libg.a(libc_a-exit.o)
                              /home/dmytro/bin/arm-unknown-eabi/lib/gcc/arm-unknown-eabi/13.2.0/../../../../arm-unknown-eabi/lib/crt0.o (exit)
/home/dmytro/bin/arm-unknown-eabi/lib/gcc/arm-unknown-eabi/13.2.0/../../../../arm-unknown-eabi/lib/libg.a(libc_a-rand.o)
                              /tmp/ccg8lSwF.o (rand)
/home/dmytro/bin/arm-unknown-eabi/lib/gcc/arm-unknown-eabi/13.2.0/../../../../arm-unknown-eabi/lib/libg.a(libc_a-findfp.o)
                              /home/dmytro/bin/arm-unknown-eabi/lib/gcc/arm-unknown-eabi/13.2.0/../../../../arm-unknown-eabi/lib/libg.a(libc_a-exit.o) (__stdio_exit_handler)
/home/dmytro/bin/arm-unknown-eabi/lib/gcc/arm-unknown-eabi/13.2.0/../../../../arm-unknown-eabi/lib/libg.a(libc_a-fwalk.o)
                              /home/dmytro/bin/arm-unknown-eabi/lib/gcc/arm-unknown-eabi/13.2.0/../../../../arm-unknown-eabi/lib/libg.a(libc_a-findfp.o) (_fwalk_sglue)
/home/dmytro/bin/arm-unknown-eabi/lib/gcc/arm-unknown-eabi/13.2.0/../../../../arm-unknown-eabi/lib/libg.a(libc_a-stdio.o)
                              /home/dmytro/bin/arm-unknown-eabi/lib/gcc/arm-unknown-eabi/13.2.0/../../../../arm-unknown-eabi/lib/libg.a(libc_a-findfp.o) (__sread)
/home/dmytro/bin/arm-unknown-eabi/lib/gcc/arm-unknown-eabi/13.2.0/../../../../arm-unknown-eabi/lib/libg.a(libc_a-memset.o)
                              /home/dmytro/bin/arm-unknown-eabi/lib/gcc/arm-unknown-eabi/13.2.0/../../../../arm-unknown-eabi/lib/crt0.o (memset)
/home/dmytro/bin/arm-unknown-eabi/lib/gcc/arm-unknown-eabi/13.2.0/../../../../arm-unknown-eabi/lib/libg.a(libc_a-closer.o)
                              /home/dmytro/bin/arm-unknown-eabi/lib/gcc/arm-unknown-eabi/13.2.0/../../../../arm-unknown-eabi/lib/libg.a(libc_a-stdio.o) (_close_r)
/home/dmytro/bin/arm-unknown-eabi/lib/gcc/arm-unknown-eabi/13.2.0/../../../../arm-unknown-eabi/lib/libg.a(libc_a-reent.o)
                              /home/dmytro/bin/arm-unknown-eabi/lib/gcc/arm-unknown-eabi/13.2.0/../../../../arm-unknown-eabi/lib/libg.a(libc_a-closer.o) (errno)
/home/dmytro/bin/arm-unknown-eabi/lib/gcc/arm-unknown-eabi/13.2.0/../../../../arm-unknown-eabi/lib/libg.a(libc_a-impure.o)
                              /home/dmytro/bin/arm-unknown-eabi/lib/gcc/arm-unknown-eabi/13.2.0/../../../../arm-unknown-eabi/lib/libg.a(libc_a-rand.o) (_impure_ptr)
/home/dmytro/bin/arm-unknown-eabi/lib/gcc/arm-unknown-eabi/13.2.0/../../../../arm-unknown-eabi/lib/libg.a(libc_a-lseekr.o)
                              /home/dmytro/bin/arm-unknown-eabi/lib/gcc/arm-unknown-eabi/13.2.0/../../../../arm-unknown-eabi/lib/libg.a(libc_a-stdio.o) (_lseek_r)
/home/dmytro/bin/arm-unknown-eabi/lib/gcc/arm-unknown-eabi/13.2.0/../../../../arm-unknown-eabi/lib/libg.a(libc_a-readr.o)
                              /home/dmytro/bin/arm-unknown-eabi/lib/gcc/arm-unknown-eabi/13.2.0/../../../../arm-unknown-eabi/lib/libg.a(libc_a-stdio.o) (_read_r)
/home/dmytro/bin/arm-unknown-eabi/lib/gcc/arm-unknown-eabi/13.2.0/../../../../arm-unknown-eabi/lib/libg.a(libc_a-writer.o)
                              /home/dmytro/bin/arm-unknown-eabi/lib/gcc/arm-unknown-eabi/13.2.0/../../../../arm-unknown-eabi/lib/libg.a(libc_a-stdio.o) (_write_r)
/home/dmytro/bin/arm-unknown-eabi/lib/gcc/arm-unknown-eabi/13.2.0/../../../../arm-unknown-eabi/lib/libg.a(libc_a-init.o)
                              /home/dmytro/bin/arm-unknown-eabi/lib/gcc/arm-unknown-eabi/13.2.0/../../../../arm-unknown-eabi/lib/crt0.o (__libc_init_array)
/home/dmytro/bin/arm-unknown-eabi/lib/gcc/arm-unknown-eabi/13.2.0/../../../../arm-unknown-eabi/lib/libg.a(libc_a-fini.o)
                              /home/dmytro/bin/arm-unknown-eabi/lib/gcc/arm-unknown-eabi/13.2.0/../../../../arm-unknown-eabi/lib/crt0.o (__libc_fini_array)
/home/dmytro/bin/arm-unknown-eabi/lib/gcc/arm-unknown-eabi/13.2.0/../../../../arm-unknown-eabi/lib/libg.a(libc_a-__atexit.o)
                              /home/dmytro/bin/arm-unknown-eabi/lib/gcc/arm-unknown-eabi/13.2.0/../../../../arm-unknown-eabi/lib/libg.a(libc_a-atexit.o) (__register_exitproc)
/home/dmytro/bin/arm-unknown-eabi/lib/gcc/arm-unknown-eabi/13.2.0/../../../../arm-unknown-eabi/lib/libg.a(libc_a-__call_atexit.o)
                              /home/dmytro/bin/arm-unknown-eabi/lib/gcc/arm-unknown-eabi/13.2.0/../../../../arm-unknown-eabi/lib/libg.a(libc_a-exit.o) (__call_exitprocs)
/home/dmytro/bin/arm-unknown-eabi/lib/gcc/arm-unknown-eabi/13.2.0/../../../../arm-unknown-eabi/lib/libg.a(libc_a-freer.o)
                              /home/dmytro/bin/arm-unknown-eabi/lib/gcc/arm-unknown-eabi/13.2.0/../../../../arm-unknown-eabi/lib/libg.a(libc_a-reent.o) (_free_r)
/home/dmytro/bin/arm-unknown-eabi/lib/gcc/arm-unknown-eabi/13.2.0/../../../../arm-unknown-eabi/lib/libg.a(libc_a-mallocr.o)
                              /home/dmytro/bin/arm-unknown-eabi/lib/gcc/arm-unknown-eabi/13.2.0/../../../../arm-unknown-eabi/lib/libg.a(libc_a-findfp.o) (_malloc_r)
/home/dmytro/bin/arm-unknown-eabi/lib/gcc/arm-unknown-eabi/13.2.0/../../../../arm-unknown-eabi/lib/libg.a(libc_a-mlock.o)
                              /home/dmytro/bin/arm-unknown-eabi/lib/gcc/arm-unknown-eabi/13.2.0/../../../../arm-unknown-eabi/lib/libg.a(libc_a-freer.o) (__malloc_lock)
/home/dmytro/bin/arm-unknown-eabi/lib/gcc/arm-unknown-eabi/13.2.0/../../../../arm-unknown-eabi/lib/libg.a(libc_a-fclose.o)
                              /home/dmytro/bin/arm-unknown-eabi/lib/gcc/arm-unknown-eabi/13.2.0/../../../../arm-unknown-eabi/lib/libg.a(libc_a-findfp.o) (_fclose_r)
/home/dmytro/bin/arm-unknown-eabi/lib/gcc/arm-unknown-eabi/13.2.0/../../../../arm-unknown-eabi/lib/libg.a(libc_a-fflush.o)
                              /home/dmytro/bin/arm-unknown-eabi/lib/gcc/arm-unknown-eabi/13.2.0/../../../../arm-unknown-eabi/lib/libg.a(libc_a-fclose.o) (__sflush_r)
/home/dmytro/bin/arm-unknown-eabi/lib/gcc/arm-unknown-eabi/13.2.0/../../../../arm-unknown-eabi/lib/libg.a(libc_a-sbrkr.o)
                              /home/dmytro/bin/arm-unknown-eabi/lib/gcc/arm-unknown-eabi/13.2.0/../../../../arm-unknown-eabi/lib/libg.a(libc_a-freer.o) (_sbrk_r)
/home/dmytro/bin/arm-unknown-eabi/lib/gcc/arm-unknown-eabi/13.2.0/../../../../arm-unknown-eabi/lib/libg.a(libc_a-sysconf.o)
                              /home/dmytro/bin/arm-unknown-eabi/lib/gcc/arm-unknown-eabi/13.2.0/../../../../arm-unknown-eabi/lib/libg.a(libc_a-freer.o) (sysconf)
/home/dmytro/bin/arm-unknown-eabi/lib/gcc/arm-unknown-eabi/13.2.0/../../../../arm-unknown-eabi/lib/libg.a(libc_a-errno.o)
                              /home/dmytro/bin/arm-unknown-eabi/lib/gcc/arm-unknown-eabi/13.2.0/../../../../arm-unknown-eabi/lib/libg.a(libc_a-sysconf.o) (__errno)

Discarded input sections

 .text          0x00000000        0x0 /home/dmytro/bin/arm-unknown-eabi/lib/gcc/arm-unknown-eabi/13.2.0/crti.o
 .data          0x00000000        0x0 /home/dmytro/bin/arm-unknown-eabi/lib/gcc/arm-unknown-eabi/13.2.0/crti.o
 .bss           0x00000000        0x0 /home/dmytro/bin/arm-unknown-eabi/lib/gcc/arm-unknown-eabi/13.2.0/crti.o
 .text          0x00000000       0x88 /home/dmytro/bin/arm-unknown-eabi/lib/gcc/arm-unknown-eabi/13.2.0/crtbegin.o
 .data          0x00000000        0x4 /home/dmytro/bin/arm-unknown-eabi/lib/gcc/arm-unknown-eabi/13.2.0/crtbegin.o
 .bss           0x00000000       0x1c /home/dmytro/bin/arm-unknown-eabi/lib/gcc/arm-unknown-eabi/13.2.0/crtbegin.o
 .rodata        0x00000000       0x24 /home/dmytro/bin/arm-unknown-eabi/lib/gcc/arm-unknown-eabi/13.2.0/crtbegin.o
 .init_array    0x00000000        0x4 /home/dmytro/bin/arm-unknown-eabi/lib/gcc/arm-unknown-eabi/13.2.0/crtbegin.o
 .fini_array    0x00000000        0x4 /home/dmytro/bin/arm-unknown-eabi/lib/gcc/arm-unknown-eabi/13.2.0/crtbegin.o
 .eh_frame      0x00000000        0x0 /home/dmytro/bin/arm-unknown-eabi/lib/gcc/arm-unknown-eabi/13.2.0/crtbegin.o
 .tm_clone_table
                0x00000000        0x0 /home/dmytro/bin/arm-unknown-eabi/lib/gcc/arm-unknown-eabi/13.2.0/crtbegin.o
 .comment       0x00000000       0x2e /home/dmytro/bin/arm-unknown-eabi/lib/gcc/arm-unknown-eabi/13.2.0/crtbegin.o
 .ARM.attributes
                0x00000000       0x34 /home/dmytro/bin/arm-unknown-eabi/lib/gcc/arm-unknown-eabi/13.2.0/crtbegin.o
 .text          0x00000000       0x70 /home/dmytro/bin/arm-unknown-eabi/lib/gcc/arm-unknown-eabi/13.2.0/../../../../arm-unknown-eabi/lib/crt0.o
 .data          0x00000000        0x0 /home/dmytro/bin/arm-unknown-eabi/lib/gcc/arm-unknown-eabi/13.2.0/../../../../arm-unknown-eabi/lib/crt0.o
 .bss           0x00000000        0x0 /home/dmytro/bin/arm-unknown-eabi/lib/gcc/arm-unknown-eabi/13.2.0/../../../../arm-unknown-eabi/lib/crt0.o
 .ARM.extab     0x00000000        0x0 /home/dmytro/bin/arm-unknown-eabi/lib/gcc/arm-unknown-eabi/13.2.0/../../../../arm-unknown-eabi/lib/crt0.o
 .ARM.exidx     0x00000000       0x10 /home/dmytro/bin/arm-unknown-eabi/lib/gcc/arm-unknown-eabi/13.2.0/../../../../arm-unknown-eabi/lib/crt0.o
 .debug_line    0x00000000       0x75 /home/dmytro/bin/arm-unknown-eabi/lib/gcc/arm-unknown-eabi/13.2.0/../../../../arm-unknown-eabi/lib/crt0.o
 .debug_line_str
                0x00000000       0xd4 /home/dmytro/bin/arm-unknown-eabi/lib/gcc/arm-unknown-eabi/13.2.0/../../../../arm-unknown-eabi/lib/crt0.o
 .debug_info    0x00000000       0x24 /home/dmytro/bin/arm-unknown-eabi/lib/gcc/arm-unknown-eabi/13.2.0/../../../../arm-unknown-eabi/lib/crt0.o
 .debug_abbrev  0x00000000       0x14 /home/dmytro/bin/arm-unknown-eabi/lib/gcc/arm-unknown-eabi/13.2.0/../../../../arm-unknown-eabi/lib/crt0.o
 .debug_aranges
                0x00000000       0x20 /home/dmytro/bin/arm-unknown-eabi/lib/gcc/arm-unknown-eabi/13.2.0/../../../../arm-unknown-eabi/lib/crt0.o
 .debug_str     0x00000000       0xe0 /home/dmytro/bin/arm-unknown-eabi/lib/gcc/arm-unknown-eabi/13.2.0/../../../../arm-unknown-eabi/lib/crt0.o
 .ARM.attributes
                0x00000000       0x20 /home/dmytro/bin/arm-unknown-eabi/lib/gcc/arm-unknown-eabi/13.2.0/../../../../arm-unknown-eabi/lib/crt0.o
 .text          0x00000000       0x14 /tmp/ccSaJYUk.o
 .data          0x00000000        0x0 /tmp/ccSaJYUk.o
 .bss           0x00000000        0x0 /tmp/ccSaJYUk.o
 .text          0x00000000        0x0 /tmp/ccTUKWzv.o
 .data          0x00000000        0x0 /tmp/ccTUKWzv.o
 .bss           0x00000000        0x0 /tmp/ccTUKWzv.o
 .text.SystemCoreClockUpdate
                0x00000000       0x5c /tmp/ccTUKWzv.o
 .rodata.AHBPrescTable
                0x00000000       0x10 /tmp/ccTUKWzv.o
 .data.SystemCoreClock
                0x00000000        0x4 /tmp/ccTUKWzv.o
 .text          0x00000000        0x0 /tmp/cc4rzWYC.o
 .data          0x00000000        0x0 /tmp/cc4rzWYC.o
 .bss           0x00000000        0x0 /tmp/cc4rzWYC.o
 .text          0x00000000        0x0 /tmp/ccg8lSwF.o
 .data          0x00000000        0x0 /tmp/ccg8lSwF.o
 .bss           0x00000000        0x0 /tmp/ccg8lSwF.o
 .bss           0x00000000        0x0 libraries/lib-board/libstm32f3b.a(stm32f3_discovery.o)
 .data          0x00000000        0x0 libraries/lib-mcu/libstm32f3.a(stm32f30x_exti.o)
 .bss           0x00000000        0x0 libraries/lib-mcu/libstm32f3.a(stm32f30x_exti.o)
 .data          0x00000000        0x0 libraries/lib-mcu/libstm32f3.a(stm32f30x_gpio.o)
 .bss           0x00000000        0x0 libraries/lib-mcu/libstm32f3.a(stm32f30x_gpio.o)
 .data          0x00000000        0x0 libraries/lib-mcu/libstm32f3.a(stm32f30x_misc.o)
 .bss           0x00000000        0x0 libraries/lib-mcu/libstm32f3.a(stm32f30x_misc.o)
 .data          0x00000000        0x0 libraries/lib-mcu/libstm32f3.a(stm32f30x_rcc.o)
 .bss           0x00000000        0x0 libraries/lib-mcu/libstm32f3.a(stm32f30x_rcc.o)
 .data          0x00000000        0x0 libraries/lib-mcu/libstm32f3.a(stm32f30x_syscfg.o)
 .bss           0x00000000        0x0 libraries/lib-mcu/libstm32f3.a(stm32f30x_syscfg.o)
 .text          0x00000000        0xc /home/dmytro/bin/arm-unknown-eabi/lib/gcc/arm-unknown-eabi/13.2.0/../../../../arm-unknown-eabi/lib/libg.a(libc_a-atexit.o)
 .data          0x00000000        0x0 /home/dmytro/bin/arm-unknown-eabi/lib/gcc/arm-unknown-eabi/13.2.0/../../../../arm-unknown-eabi/lib/libg.a(libc_a-atexit.o)
 .bss           0x00000000        0x0 /home/dmytro/bin/arm-unknown-eabi/lib/gcc/arm-unknown-eabi/13.2.0/../../../../arm-unknown-eabi/lib/libg.a(libc_a-atexit.o)
 .debug_info    0x00000000      0x11e /home/dmytro/bin/arm-unknown-eabi/lib/gcc/arm-unknown-eabi/13.2.0/../../../../arm-unknown-eabi/lib/libg.a(libc_a-atexit.o)
 .debug_abbrev  0x00000000       0xc1 /home/dmytro/bin/arm-unknown-eabi/lib/gcc/arm-unknown-eabi/13.2.0/../../../../arm-unknown-eabi/lib/libg.a(libc_a-atexit.o)
 .debug_loclists
                0x00000000       0x2b /home/dmytro/bin/arm-unknown-eabi/lib/gcc/arm-unknown-eabi/13.2.0/../../../../arm-unknown-eabi/lib/libg.a(libc_a-atexit.o)
 .debug_aranges
                0x00000000       0x20 /home/dmytro/bin/arm-unknown-eabi/lib/gcc/arm-unknown-eabi/13.2.0/../../../../arm-unknown-eabi/lib/libg.a(libc_a-atexit.o)
 .debug_line    0x00000000      0x124 /home/dmytro/bin/arm-unknown-eabi/lib/gcc/arm-unknown-eabi/13.2.0/../../../../arm-unknown-eabi/lib/libg.a(libc_a-atexit.o)
 .debug_str     0x00000000      0x230 /home/dmytro/bin/arm-unknown-eabi/lib/gcc/arm-unknown-eabi/13.2.0/../../../../arm-unknown-eabi/lib/libg.a(libc_a-atexit.o)
 .comment       0x00000000       0x2e /home/dmytro/bin/arm-unknown-eabi/lib/gcc/arm-unknown-eabi/13.2.0/../../../../arm-unknown-eabi/lib/libg.a(libc_a-atexit.o)
 .debug_frame   0x00000000       0x20 /home/dmytro/bin/arm-unknown-eabi/lib/gcc/arm-unknown-eabi/13.2.0/../../../../arm-unknown-eabi/lib/libg.a(libc_a-atexit.o)
 .ARM.attributes
                0x00000000       0x34 /home/dmytro/bin/arm-unknown-eabi/lib/gcc/arm-unknown-eabi/13.2.0/../../../../arm-unknown-eabi/lib/libg.a(libc_a-atexit.o)
 .text          0x00000000       0x1c /home/dmytro/bin/arm-unknown-eabi/lib/gcc/arm-unknown-eabi/13.2.0/../../../../arm-unknown-eabi/lib/libg.a(libc_a-exit.o)
 .data          0x00000000        0x0 /home/dmytro/bin/arm-unknown-eabi/lib/gcc/arm-unknown-eabi/13.2.0/../../../../arm-unknown-eabi/lib/libg.a(libc_a-exit.o)
 .bss           0x00000000        0x0 /home/dmytro/bin/arm-unknown-eabi/lib/gcc/arm-unknown-eabi/13.2.0/../../../../arm-unknown-eabi/lib/libg.a(libc_a-exit.o)
 .debug_info    0x00000000      0x10a /home/dmytro/bin/arm-unknown-eabi/lib/gcc/arm-unknown-eabi/13.2.0/../../../../arm-unknown-eabi/lib/libg.a(libc_a-exit.o)
 .debug_abbrev  0x00000000       0xd5 /home/dmytro/bin/arm-unknown-eabi/lib/gcc/arm-unknown-eabi/13.2.0/../../../../arm-unknown-eabi/lib/libg.a(libc_a-exit.o)
 .debug_loclists
                0x00000000       0x1b /home/dmytro/bin/arm-unknown-eabi/lib/gcc/arm-unknown-eabi/13.2.0/../../../../arm-unknown-eabi/lib/libg.a(libc_a-exit.o)
 .debug_aranges
                0x00000000       0x20 /home/dmytro/bin/arm-unknown-eabi/lib/gcc/arm-unknown-eabi/13.2.0/../../../../arm-unknown-eabi/lib/libg.a(libc_a-exit.o)
 .debug_line    0x00000000      0x1bd /home/dmytro/bin/arm-unknown-eabi/lib/gcc/arm-unknown-eabi/13.2.0/../../../../arm-unknown-eabi/lib/libg.a(libc_a-exit.o)
 .debug_str     0x00000000      0x219 /home/dmytro/bin/arm-unknown-eabi/lib/gcc/arm-unknown-eabi/13.2.0/../../../../arm-unknown-eabi/lib/libg.a(libc_a-exit.o)
 .comment       0x00000000       0x2e /home/dmytro/bin/arm-unknown-eabi/lib/gcc/arm-unknown-eabi/13.2.0/../../../../arm-unknown-eabi/lib/libg.a(libc_a-exit.o)
 .debug_frame   0x00000000       0x28 /home/dmytro/bin/arm-unknown-eabi/lib/gcc/arm-unknown-eabi/13.2.0/../../../../arm-unknown-eabi/lib/libg.a(libc_a-exit.o)
 .ARM.attributes
                0x00000000       0x34 /home/dmytro/bin/arm-unknown-eabi/lib/gcc/arm-unknown-eabi/13.2.0/../../../../arm-unknown-eabi/lib/libg.a(libc_a-exit.o)
 .data          0x00000000        0x0 /home/dmytro/bin/arm-unknown-eabi/lib/gcc/arm-unknown-eabi/13.2.0/../../../../arm-unknown-eabi/lib/libg.a(libc_a-rand.o)
 .bss           0x00000000        0x0 /home/dmytro/bin/arm-unknown-eabi/lib/gcc/arm-unknown-eabi/13.2.0/../../../../arm-unknown-eabi/lib/libg.a(libc_a-rand.o)
 .text          0x00000000      0x1b8 /home/dmytro/bin/arm-unknown-eabi/lib/gcc/arm-unknown-eabi/13.2.0/../../../../arm-unknown-eabi/lib/libg.a(libc_a-findfp.o)
 .data          0x00000000        0xc /home/dmytro/bin/arm-unknown-eabi/lib/gcc/arm-unknown-eabi/13.2.0/../../../../arm-unknown-eabi/lib/libg.a(libc_a-findfp.o)
 .text          0x00000000       0x3c /home/dmytro/bin/arm-unknown-eabi/lib/gcc/arm-unknown-eabi/13.2.0/../../../../arm-unknown-eabi/lib/libg.a(libc_a-fwalk.o)
 .data          0x00000000        0x0 /home/dmytro/bin/arm-unknown-eabi/lib/gcc/arm-unknown-eabi/13.2.0/../../../../arm-unknown-eabi/lib/libg.a(libc_a-fwalk.o)
 .bss           0x00000000        0x0 /home/dmytro/bin/arm-unknown-eabi/lib/gcc/arm-unknown-eabi/13.2.0/../../../../arm-unknown-eabi/lib/libg.a(libc_a-fwalk.o)
 .debug_info    0x00000000      0x7e4 /home/dmytro/bin/arm-unknown-eabi/lib/gcc/arm-unknown-eabi/13.2.0/../../../../arm-unknown-eabi/lib/libg.a(libc_a-fwalk.o)
 .debug_abbrev  0x00000000      0x1d9 /home/dmytro/bin/arm-unknown-eabi/lib/gcc/arm-unknown-eabi/13.2.0/../../../../arm-unknown-eabi/lib/libg.a(libc_a-fwalk.o)
 .debug_loclists
                0x00000000       0x69 /home/dmytro/bin/arm-unknown-eabi/lib/gcc/arm-unknown-eabi/13.2.0/../../../../arm-unknown-eabi/lib/libg.a(libc_a-fwalk.o)
 .debug_aranges
                0x00000000       0x20 /home/dmytro/bin/arm-unknown-eabi/lib/gcc/arm-unknown-eabi/13.2.0/../../../../arm-unknown-eabi/lib/libg.a(libc_a-fwalk.o)
 .debug_line    0x00000000      0x252 /home/dmytro/bin/arm-unknown-eabi/lib/gcc/arm-unknown-eabi/13.2.0/../../../../arm-unknown-eabi/lib/libg.a(libc_a-fwalk.o)
 .debug_str     0x00000000      0x516 /home/dmytro/bin/arm-unknown-eabi/lib/gcc/arm-unknown-eabi/13.2.0/../../../../arm-unknown-eabi/lib/libg.a(libc_a-fwalk.o)
 .comment       0x00000000       0x2e /home/dmytro/bin/arm-unknown-eabi/lib/gcc/arm-unknown-eabi/13.2.0/../../../../arm-unknown-eabi/lib/libg.a(libc_a-fwalk.o)
 .debug_frame   0x00000000       0x34 /home/dmytro/bin/arm-unknown-eabi/lib/gcc/arm-unknown-eabi/13.2.0/../../../../arm-unknown-eabi/lib/libg.a(libc_a-fwalk.o)
 .ARM.attributes
                0x00000000       0x34 /home/dmytro/bin/arm-unknown-eabi/lib/gcc/arm-unknown-eabi/13.2.0/../../../../arm-unknown-eabi/lib/libg.a(libc_a-fwalk.o)
 .text          0x00000000       0x8a /home/dmytro/bin/arm-unknown-eabi/lib/gcc/arm-unknown-eabi/13.2.0/../../../../arm-unknown-eabi/lib/libg.a(libc_a-stdio.o)
 .data          0x00000000        0x0 /home/dmytro/bin/arm-unknown-eabi/lib/gcc/arm-unknown-eabi/13.2.0/../../../../arm-unknown-eabi/lib/libg.a(libc_a-stdio.o)
 .bss           0x00000000        0x0 /home/dmytro/bin/arm-unknown-eabi/lib/gcc/arm-unknown-eabi/13.2.0/../../../../arm-unknown-eabi/lib/libg.a(libc_a-stdio.o)
 .debug_info    0x00000000      0xaa4 /home/dmytro/bin/arm-unknown-eabi/lib/gcc/arm-unknown-eabi/13.2.0/../../../../arm-unknown-eabi/lib/libg.a(libc_a-stdio.o)
 .debug_abbrev  0x00000000      0x25d /home/dmytro/bin/arm-unknown-eabi/lib/gcc/arm-unknown-eabi/13.2.0/../../../../arm-unknown-eabi/lib/libg.a(libc_a-stdio.o)
 .debug_loclists
                0x00000000      0x20a /home/dmytro/bin/arm-unknown-eabi/lib/gcc/arm-unknown-eabi/13.2.0/../../../../arm-unknown-eabi/lib/libg.a(libc_a-stdio.o)
 .debug_aranges
                0x00000000       0x20 /home/dmytro/bin/arm-unknown-eabi/lib/gcc/arm-unknown-eabi/13.2.0/../../../../arm-unknown-eabi/lib/libg.a(libc_a-stdio.o)
 .debug_line    0x00000000      0x2dd /home/dmytro/bin/arm-unknown-eabi/lib/gcc/arm-unknown-eabi/13.2.0/../../../../arm-unknown-eabi/lib/libg.a(libc_a-stdio.o)
 .debug_str     0x00000000      0x573 /home/dmytro/bin/arm-unknown-eabi/lib/gcc/arm-unknown-eabi/13.2.0/../../../../arm-unknown-eabi/lib/libg.a(libc_a-stdio.o)
 .comment       0x00000000       0x2e /home/dmytro/bin/arm-unknown-eabi/lib/gcc/arm-unknown-eabi/13.2.0/../../../../arm-unknown-eabi/lib/libg.a(libc_a-stdio.o)
 .debug_frame   0x00000000       0x88 /home/dmytro/bin/arm-unknown-eabi/lib/gcc/arm-unknown-eabi/13.2.0/../../../../arm-unknown-eabi/lib/libg.a(libc_a-stdio.o)
 .ARM.attributes
                0x00000000       0x34 /home/dmytro/bin/arm-unknown-eabi/lib/gcc/arm-unknown-eabi/13.2.0/../../../../arm-unknown-eabi/lib/libg.a(libc_a-stdio.o)
 .text          0x00000000       0x10 /home/dmytro/bin/arm-unknown-eabi/lib/gcc/arm-unknown-eabi/13.2.0/../../../../arm-unknown-eabi/lib/libg.a(libc_a-memset.o)
 .data          0x00000000        0x0 /home/dmytro/bin/arm-unknown-eabi/lib/gcc/arm-unknown-eabi/13.2.0/../../../../arm-unknown-eabi/lib/libg.a(libc_a-memset.o)
 .bss           0x00000000        0x0 /home/dmytro/bin/arm-unknown-eabi/lib/gcc/arm-unknown-eabi/13.2.0/../../../../arm-unknown-eabi/lib/libg.a(libc_a-memset.o)
 .debug_info    0x00000000       0xe0 /home/dmytro/bin/arm-unknown-eabi/lib/gcc/arm-unknown-eabi/13.2.0/../../../../arm-unknown-eabi/lib/libg.a(libc_a-memset.o)
 .debug_abbrev  0x00000000       0x9e /home/dmytro/bin/arm-unknown-eabi/lib/gcc/arm-unknown-eabi/13.2.0/../../../../arm-unknown-eabi/lib/libg.a(libc_a-memset.o)
 .debug_loclists
                0x00000000       0x43 /home/dmytro/bin/arm-unknown-eabi/lib/gcc/arm-unknown-eabi/13.2.0/../../../../arm-unknown-eabi/lib/libg.a(libc_a-memset.o)
 .debug_aranges
                0x00000000       0x20 /home/dmytro/bin/arm-unknown-eabi/lib/gcc/arm-unknown-eabi/13.2.0/../../../../arm-unknown-eabi/lib/libg.a(libc_a-memset.o)
 .debug_line    0x00000000      0x183 /home/dmytro/bin/arm-unknown-eabi/lib/gcc/arm-unknown-eabi/13.2.0/../../../../arm-unknown-eabi/lib/libg.a(libc_a-memset.o)
 .debug_str     0x00000000      0x1f3 /home/dmytro/bin/arm-unknown-eabi/lib/gcc/arm-unknown-eabi/13.2.0/../../../../arm-unknown-eabi/lib/libg.a(libc_a-memset.o)
 .comment       0x00000000       0x2e /home/dmytro/bin/arm-unknown-eabi/lib/gcc/arm-unknown-eabi/13.2.0/../../../../arm-unknown-eabi/lib/libg.a(libc_a-memset.o)
 .debug_frame   0x00000000       0x20 /home/dmytro/bin/arm-unknown-eabi/lib/gcc/arm-unknown-eabi/13.2.0/../../../../arm-unknown-eabi/lib/libg.a(libc_a-memset.o)
 .ARM.attributes
                0x00000000       0x34 /home/dmytro/bin/arm-unknown-eabi/lib/gcc/arm-unknown-eabi/13.2.0/../../../../arm-unknown-eabi/lib/libg.a(libc_a-memset.o)
 .text          0x00000000       0x20 /home/dmytro/bin/arm-unknown-eabi/lib/gcc/arm-unknown-eabi/13.2.0/../../../../arm-unknown-eabi/lib/libg.a(libc_a-closer.o)
 .data          0x00000000        0x0 /home/dmytro/bin/arm-unknown-eabi/lib/gcc/arm-unknown-eabi/13.2.0/../../../../arm-unknown-eabi/lib/libg.a(libc_a-closer.o)
 .bss           0x00000000        0x0 /home/dmytro/bin/arm-unknown-eabi/lib/gcc/arm-unknown-eabi/13.2.0/../../../../arm-unknown-eabi/lib/libg.a(libc_a-closer.o)
 .debug_info    0x00000000      0x770 /home/dmytro/bin/arm-unknown-eabi/lib/gcc/arm-unknown-eabi/13.2.0/../../../../arm-unknown-eabi/lib/libg.a(libc_a-closer.o)
 .debug_abbrev  0x00000000      0x1ec /home/dmytro/bin/arm-unknown-eabi/lib/gcc/arm-unknown-eabi/13.2.0/../../../../arm-unknown-eabi/lib/libg.a(libc_a-closer.o)
 .debug_loclists
                0x00000000       0x4b /home/dmytro/bin/arm-unknown-eabi/lib/gcc/arm-unknown-eabi/13.2.0/../../../../arm-unknown-eabi/lib/libg.a(libc_a-closer.o)
 .debug_aranges
                0x00000000       0x20 /home/dmytro/bin/arm-unknown-eabi/lib/gcc/arm-unknown-eabi/13.2.0/../../../../arm-unknown-eabi/lib/libg.a(libc_a-closer.o)
 .debug_line    0x00000000      0x234 /home/dmytro/bin/arm-unknown-eabi/lib/gcc/arm-unknown-eabi/13.2.0/../../../../arm-unknown-eabi/lib/libg.a(libc_a-closer.o)
 .debug_str     0x00000000      0x4fc /home/dmytro/bin/arm-unknown-eabi/lib/gcc/arm-unknown-eabi/13.2.0/../../../../arm-unknown-eabi/lib/libg.a(libc_a-closer.o)
 .comment       0x00000000       0x2e /home/dmytro/bin/arm-unknown-eabi/lib/gcc/arm-unknown-eabi/13.2.0/../../../../arm-unknown-eabi/lib/libg.a(libc_a-closer.o)
 .debug_frame   0x00000000       0x2c /home/dmytro/bin/arm-unknown-eabi/lib/gcc/arm-unknown-eabi/13.2.0/../../../../arm-unknown-eabi/lib/libg.a(libc_a-closer.o)
 .ARM.attributes
                0x00000000       0x34 /home/dmytro/bin/arm-unknown-eabi/lib/gcc/arm-unknown-eabi/13.2.0/../../../../arm-unknown-eabi/lib/libg.a(libc_a-closer.o)
 .text          0x00000000       0x68 /home/dmytro/bin/arm-unknown-eabi/lib/gcc/arm-unknown-eabi/13.2.0/../../../../arm-unknown-eabi/lib/libg.a(libc_a-reent.o)
 .data          0x00000000        0x0 /home/dmytro/bin/arm-unknown-eabi/lib/gcc/arm-unknown-eabi/13.2.0/../../../../arm-unknown-eabi/lib/libg.a(libc_a-reent.o)
 .bss           0x00000000        0x4 /home/dmytro/bin/arm-unknown-eabi/lib/gcc/arm-unknown-eabi/13.2.0/../../../../arm-unknown-eabi/lib/libg.a(libc_a-reent.o)
 .debug_info    0x00000000      0x829 /home/dmytro/bin/arm-unknown-eabi/lib/gcc/arm-unknown-eabi/13.2.0/../../../../arm-unknown-eabi/lib/libg.a(libc_a-reent.o)
 .debug_abbrev  0x00000000      0x233 /home/dmytro/bin/arm-unknown-eabi/lib/gcc/arm-unknown-eabi/13.2.0/../../../../arm-unknown-eabi/lib/libg.a(libc_a-reent.o)
 .debug_loclists
                0x00000000       0x7e /home/dmytro/bin/arm-unknown-eabi/lib/gcc/arm-unknown-eabi/13.2.0/../../../../arm-unknown-eabi/lib/libg.a(libc_a-reent.o)
 .debug_aranges
                0x00000000       0x20 /home/dmytro/bin/arm-unknown-eabi/lib/gcc/arm-unknown-eabi/13.2.0/../../../../arm-unknown-eabi/lib/libg.a(libc_a-reent.o)
 .debug_rnglists
                0x00000000       0x1a /home/dmytro/bin/arm-unknown-eabi/lib/gcc/arm-unknown-eabi/13.2.0/../../../../arm-unknown-eabi/lib/libg.a(libc_a-reent.o)
 .debug_line    0x00000000      0x294 /home/dmytro/bin/arm-unknown-eabi/lib/gcc/arm-unknown-eabi/13.2.0/../../../../arm-unknown-eabi/lib/libg.a(libc_a-reent.o)
 .debug_str     0x00000000      0x525 /home/dmytro/bin/arm-unknown-eabi/lib/gcc/arm-unknown-eabi/13.2.0/../../../../arm-unknown-eabi/lib/libg.a(libc_a-reent.o)
 .comment       0x00000000       0x2e /home/dmytro/bin/arm-unknown-eabi/lib/gcc/arm-unknown-eabi/13.2.0/../../../../arm-unknown-eabi/lib/libg.a(libc_a-reent.o)
 .debug_frame   0x00000000       0x38 /home/dmytro/bin/arm-unknown-eabi/lib/gcc/arm-unknown-eabi/13.2.0/../../../../arm-unknown-eabi/lib/libg.a(libc_a-reent.o)
 .ARM.attributes
                0x00000000       0x34 /home/dmytro/bin/arm-unknown-eabi/lib/gcc/arm-unknown-eabi/13.2.0/../../../../arm-unknown-eabi/lib/libg.a(libc_a-reent.o)
 .text          0x00000000        0x0 /home/dmytro/bin/arm-unknown-eabi/lib/gcc/arm-unknown-eabi/13.2.0/../../../../arm-unknown-eabi/lib/libg.a(libc_a-impure.o)
 .bss           0x00000000        0x0 /home/dmytro/bin/arm-unknown-eabi/lib/gcc/arm-unknown-eabi/13.2.0/../../../../arm-unknown-eabi/lib/libg.a(libc_a-impure.o)
 .text          0x00000000       0x24 /home/dmytro/bin/arm-unknown-eabi/lib/gcc/arm-unknown-eabi/13.2.0/../../../../arm-unknown-eabi/lib/libg.a(libc_a-lseekr.o)
 .data          0x00000000        0x0 /home/dmytro/bin/arm-unknown-eabi/lib/gcc/arm-unknown-eabi/13.2.0/../../../../arm-unknown-eabi/lib/libg.a(libc_a-lseekr.o)
 .bss           0x00000000        0x0 /home/dmytro/bin/arm-unknown-eabi/lib/gcc/arm-unknown-eabi/13.2.0/../../../../arm-unknown-eabi/lib/libg.a(libc_a-lseekr.o)
 .debug_info    0x00000000      0x7bc /home/dmytro/bin/arm-unknown-eabi/lib/gcc/arm-unknown-eabi/13.2.0/../../../../arm-unknown-eabi/lib/libg.a(libc_a-lseekr.o)
 .debug_abbrev  0x00000000      0x200 /home/dmytro/bin/arm-unknown-eabi/lib/gcc/arm-unknown-eabi/13.2.0/../../../../arm-unknown-eabi/lib/libg.a(libc_a-lseekr.o)
 .debug_loclists
                0x00000000       0x89 /home/dmytro/bin/arm-unknown-eabi/lib/gcc/arm-unknown-eabi/13.2.0/../../../../arm-unknown-eabi/lib/libg.a(libc_a-lseekr.o)
 .debug_aranges
                0x00000000       0x20 /home/dmytro/bin/arm-unknown-eabi/lib/gcc/arm-unknown-eabi/13.2.0/../../../../arm-unknown-eabi/lib/libg.a(libc_a-lseekr.o)
 .debug_line    0x00000000      0x233 /home/dmytro/bin/arm-unknown-eabi/lib/gcc/arm-unknown-eabi/13.2.0/../../../../arm-unknown-eabi/lib/libg.a(libc_a-lseekr.o)
 .debug_str     0x00000000      0x50a /home/dmytro/bin/arm-unknown-eabi/lib/gcc/arm-unknown-eabi/13.2.0/../../../../arm-unknown-eabi/lib/libg.a(libc_a-lseekr.o)
 .comment       0x00000000       0x2e /home/dmytro/bin/arm-unknown-eabi/lib/gcc/arm-unknown-eabi/13.2.0/../../../../arm-unknown-eabi/lib/libg.a(libc_a-lseekr.o)
 .debug_frame   0x00000000       0x2c /home/dmytro/bin/arm-unknown-eabi/lib/gcc/arm-unknown-eabi/13.2.0/../../../../arm-unknown-eabi/lib/libg.a(libc_a-lseekr.o)
 .ARM.attributes
                0x00000000       0x34 /home/dmytro/bin/arm-unknown-eabi/lib/gcc/arm-unknown-eabi/13.2.0/../../../../arm-unknown-eabi/lib/libg.a(libc_a-lseekr.o)
 .text          0x00000000       0x24 /home/dmytro/bin/arm-unknown-eabi/lib/gcc/arm-unknown-eabi/13.2.0/../../../../arm-unknown-eabi/lib/libg.a(libc_a-readr.o)
 .data          0x00000000        0x0 /home/dmytro/bin/arm-unknown-eabi/lib/gcc/arm-unknown-eabi/13.2.0/../../../../arm-unknown-eabi/lib/libg.a(libc_a-readr.o)
 .bss           0x00000000        0x0 /home/dmytro/bin/arm-unknown-eabi/lib/gcc/arm-unknown-eabi/13.2.0/../../../../arm-unknown-eabi/lib/libg.a(libc_a-readr.o)
 .debug_info    0x00000000      0x7d3 /home/dmytro/bin/arm-unknown-eabi/lib/gcc/arm-unknown-eabi/13.2.0/../../../../arm-unknown-eabi/lib/libg.a(libc_a-readr.o)
 .debug_abbrev  0x00000000      0x1ec /home/dmytro/bin/arm-unknown-eabi/lib/gcc/arm-unknown-eabi/13.2.0/../../../../arm-unknown-eabi/lib/libg.a(libc_a-readr.o)
 .debug_loclists
                0x00000000       0x89 /home/dmytro/bin/arm-unknown-eabi/lib/gcc/arm-unknown-eabi/13.2.0/../../../../arm-unknown-eabi/lib/libg.a(libc_a-readr.o)
 .debug_aranges
                0x00000000       0x20 /home/dmytro/bin/arm-unknown-eabi/lib/gcc/arm-unknown-eabi/13.2.0/../../../../arm-unknown-eabi/lib/libg.a(libc_a-readr.o)
 .debug_line    0x00000000      0x232 /home/dmytro/bin/arm-unknown-eabi/lib/gcc/arm-unknown-eabi/13.2.0/../../../../arm-unknown-eabi/lib/libg.a(libc_a-readr.o)
 .debug_str     0x00000000      0x50a /home/dmytro/bin/arm-unknown-eabi/lib/gcc/arm-unknown-eabi/13.2.0/../../../../arm-unknown-eabi/lib/libg.a(libc_a-readr.o)
 .comment       0x00000000       0x2e /home/dmytro/bin/arm-unknown-eabi/lib/gcc/arm-unknown-eabi/13.2.0/../../../../arm-unknown-eabi/lib/libg.a(libc_a-readr.o)
 .debug_frame   0x00000000       0x2c /home/dmytro/bin/arm-unknown-eabi/lib/gcc/arm-unknown-eabi/13.2.0/../../../../arm-unknown-eabi/lib/libg.a(libc_a-readr.o)
 .ARM.attributes
                0x00000000       0x34 /home/dmytro/bin/arm-unknown-eabi/lib/gcc/arm-unknown-eabi/13.2.0/../../../../arm-unknown-eabi/lib/libg.a(libc_a-readr.o)
 .text          0x00000000       0x24 /home/dmytro/bin/arm-unknown-eabi/lib/gcc/arm-unknown-eabi/13.2.0/../../../../arm-unknown-eabi/lib/libg.a(libc_a-writer.o)
 .data          0x00000000        0x0 /home/dmytro/bin/arm-unknown-eabi/lib/gcc/arm-unknown-eabi/13.2.0/../../../../arm-unknown-eabi/lib/libg.a(libc_a-writer.o)
 .bss           0x00000000        0x0 /home/dmytro/bin/arm-unknown-eabi/lib/gcc/arm-unknown-eabi/13.2.0/../../../../arm-unknown-eabi/lib/libg.a(libc_a-writer.o)
 .debug_info    0x00000000      0x7d9 /home/dmytro/bin/arm-unknown-eabi/lib/gcc/arm-unknown-eabi/13.2.0/../../../../arm-unknown-eabi/lib/libg.a(libc_a-writer.o)
 .debug_abbrev  0x00000000      0x1f1 /home/dmytro/bin/arm-unknown-eabi/lib/gcc/arm-unknown-eabi/13.2.0/../../../../arm-unknown-eabi/lib/libg.a(libc_a-writer.o)
 .debug_loclists
                0x00000000       0x89 /home/dmytro/bin/arm-unknown-eabi/lib/gcc/arm-unknown-eabi/13.2.0/../../../../arm-unknown-eabi/lib/libg.a(libc_a-writer.o)
 .debug_aranges
                0x00000000       0x20 /home/dmytro/bin/arm-unknown-eabi/lib/gcc/arm-unknown-eabi/13.2.0/../../../../arm-unknown-eabi/lib/libg.a(libc_a-writer.o)
 .debug_line    0x00000000      0x233 /home/dmytro/bin/arm-unknown-eabi/lib/gcc/arm-unknown-eabi/13.2.0/../../../../arm-unknown-eabi/lib/libg.a(libc_a-writer.o)
 .debug_str     0x00000000      0x50c /home/dmytro/bin/arm-unknown-eabi/lib/gcc/arm-unknown-eabi/13.2.0/../../../../arm-unknown-eabi/lib/libg.a(libc_a-writer.o)
 .comment       0x00000000       0x2e /home/dmytro/bin/arm-unknown-eabi/lib/gcc/arm-unknown-eabi/13.2.0/../../../../arm-unknown-eabi/lib/libg.a(libc_a-writer.o)
 .debug_frame   0x00000000       0x2c /home/dmytro/bin/arm-unknown-eabi/lib/gcc/arm-unknown-eabi/13.2.0/../../../../arm-unknown-eabi/lib/libg.a(libc_a-writer.o)
 .ARM.attributes
                0x00000000       0x34 /home/dmytro/bin/arm-unknown-eabi/lib/gcc/arm-unknown-eabi/13.2.0/../../../../arm-unknown-eabi/lib/libg.a(libc_a-writer.o)
 .text          0x00000000       0x48 /home/dmytro/bin/arm-unknown-eabi/lib/gcc/arm-unknown-eabi/13.2.0/../../../../arm-unknown-eabi/lib/libg.a(libc_a-init.o)
 .data          0x00000000        0x0 /home/dmytro/bin/arm-unknown-eabi/lib/gcc/arm-unknown-eabi/13.2.0/../../../../arm-unknown-eabi/lib/libg.a(libc_a-init.o)
 .bss           0x00000000        0x0 /home/dmytro/bin/arm-unknown-eabi/lib/gcc/arm-unknown-eabi/13.2.0/../../../../arm-unknown-eabi/lib/libg.a(libc_a-init.o)
 .debug_info    0x00000000      0x10b /home/dmytro/bin/arm-unknown-eabi/lib/gcc/arm-unknown-eabi/13.2.0/../../../../arm-unknown-eabi/lib/libg.a(libc_a-init.o)
 .debug_abbrev  0x00000000       0xc9 /home/dmytro/bin/arm-unknown-eabi/lib/gcc/arm-unknown-eabi/13.2.0/../../../../arm-unknown-eabi/lib/libg.a(libc_a-init.o)
 .debug_loclists
                0x00000000       0x3a /home/dmytro/bin/arm-unknown-eabi/lib/gcc/arm-unknown-eabi/13.2.0/../../../../arm-unknown-eabi/lib/libg.a(libc_a-init.o)
 .debug_aranges
                0x00000000       0x20 /home/dmytro/bin/arm-unknown-eabi/lib/gcc/arm-unknown-eabi/13.2.0/../../../../arm-unknown-eabi/lib/libg.a(libc_a-init.o)
 .debug_line    0x00000000      0x165 /home/dmytro/bin/arm-unknown-eabi/lib/gcc/arm-unknown-eabi/13.2.0/../../../../arm-unknown-eabi/lib/libg.a(libc_a-init.o)
 .debug_str     0x00000000      0x254 /home/dmytro/bin/arm-unknown-eabi/lib/gcc/arm-unknown-eabi/13.2.0/../../../../arm-unknown-eabi/lib/libg.a(libc_a-init.o)
 .comment       0x00000000       0x2e /home/dmytro/bin/arm-unknown-eabi/lib/gcc/arm-unknown-eabi/13.2.0/../../../../arm-unknown-eabi/lib/libg.a(libc_a-init.o)
 .debug_frame   0x00000000       0x2c /home/dmytro/bin/arm-unknown-eabi/lib/gcc/arm-unknown-eabi/13.2.0/../../../../arm-unknown-eabi/lib/libg.a(libc_a-init.o)
 .ARM.attributes
                0x00000000       0x34 /home/dmytro/bin/arm-unknown-eabi/lib/gcc/arm-unknown-eabi/13.2.0/../../../../arm-unknown-eabi/lib/libg.a(libc_a-init.o)
 .text          0x00000000       0x28 /home/dmytro/bin/arm-unknown-eabi/lib/gcc/arm-unknown-eabi/13.2.0/../../../../arm-unknown-eabi/lib/libg.a(libc_a-fini.o)
 .data          0x00000000        0x0 /home/dmytro/bin/arm-unknown-eabi/lib/gcc/arm-unknown-eabi/13.2.0/../../../../arm-unknown-eabi/lib/libg.a(libc_a-fini.o)
 .bss           0x00000000        0x0 /home/dmytro/bin/arm-unknown-eabi/lib/gcc/arm-unknown-eabi/13.2.0/../../../../arm-unknown-eabi/lib/libg.a(libc_a-fini.o)
 .debug_info    0x00000000       0xf7 /home/dmytro/bin/arm-unknown-eabi/lib/gcc/arm-unknown-eabi/13.2.0/../../../../arm-unknown-eabi/lib/libg.a(libc_a-fini.o)
 .debug_abbrev  0x00000000       0xcc /home/dmytro/bin/arm-unknown-eabi/lib/gcc/arm-unknown-eabi/13.2.0/../../../../arm-unknown-eabi/lib/libg.a(libc_a-fini.o)
 .debug_loclists
                0x00000000       0x33 /home/dmytro/bin/arm-unknown-eabi/lib/gcc/arm-unknown-eabi/13.2.0/../../../../arm-unknown-eabi/lib/libg.a(libc_a-fini.o)
 .debug_aranges
                0x00000000       0x20 /home/dmytro/bin/arm-unknown-eabi/lib/gcc/arm-unknown-eabi/13.2.0/../../../../arm-unknown-eabi/lib/libg.a(libc_a-fini.o)
 .debug_line    0x00000000      0x129 /home/dmytro/bin/arm-unknown-eabi/lib/gcc/arm-unknown-eabi/13.2.0/../../../../arm-unknown-eabi/lib/libg.a(libc_a-fini.o)
 .debug_str     0x00000000      0x22a /home/dmytro/bin/arm-unknown-eabi/lib/gcc/arm-unknown-eabi/13.2.0/../../../../arm-unknown-eabi/lib/libg.a(libc_a-fini.o)
 .comment       0x00000000       0x2e /home/dmytro/bin/arm-unknown-eabi/lib/gcc/arm-unknown-eabi/13.2.0/../../../../arm-unknown-eabi/lib/libg.a(libc_a-fini.o)
 .debug_frame   0x00000000       0x38 /home/dmytro/bin/arm-unknown-eabi/lib/gcc/arm-unknown-eabi/13.2.0/../../../../arm-unknown-eabi/lib/libg.a(libc_a-fini.o)
 .ARM.attributes
                0x00000000       0x34 /home/dmytro/bin/arm-unknown-eabi/lib/gcc/arm-unknown-eabi/13.2.0/../../../../arm-unknown-eabi/lib/libg.a(libc_a-fini.o)
 .text          0x00000000       0x60 /home/dmytro/bin/arm-unknown-eabi/lib/gcc/arm-unknown-eabi/13.2.0/../../../../arm-unknown-eabi/lib/libg.a(libc_a-__atexit.o)
 .data          0x00000000        0x0 /home/dmytro/bin/arm-unknown-eabi/lib/gcc/arm-unknown-eabi/13.2.0/../../../../arm-unknown-eabi/lib/libg.a(libc_a-__atexit.o)
 .bss           0x00000000      0x190 /home/dmytro/bin/arm-unknown-eabi/lib/gcc/arm-unknown-eabi/13.2.0/../../../../arm-unknown-eabi/lib/libg.a(libc_a-__atexit.o)
 .debug_info    0x00000000      0x1fd /home/dmytro/bin/arm-unknown-eabi/lib/gcc/arm-unknown-eabi/13.2.0/../../../../arm-unknown-eabi/lib/libg.a(libc_a-__atexit.o)
 .debug_abbrev  0x00000000      0x157 /home/dmytro/bin/arm-unknown-eabi/lib/gcc/arm-unknown-eabi/13.2.0/../../../../arm-unknown-eabi/lib/libg.a(libc_a-__atexit.o)
 .debug_loclists
                0x00000000       0xb1 /home/dmytro/bin/arm-unknown-eabi/lib/gcc/arm-unknown-eabi/13.2.0/../../../../arm-unknown-eabi/lib/libg.a(libc_a-__atexit.o)
 .debug_aranges
                0x00000000       0x20 /home/dmytro/bin/arm-unknown-eabi/lib/gcc/arm-unknown-eabi/13.2.0/../../../../arm-unknown-eabi/lib/libg.a(libc_a-__atexit.o)
 .debug_line    0x00000000      0x1a5 /home/dmytro/bin/arm-unknown-eabi/lib/gcc/arm-unknown-eabi/13.2.0/../../../../arm-unknown-eabi/lib/libg.a(libc_a-__atexit.o)
 .debug_str     0x00000000      0x29b /home/dmytro/bin/arm-unknown-eabi/lib/gcc/arm-unknown-eabi/13.2.0/../../../../arm-unknown-eabi/lib/libg.a(libc_a-__atexit.o)
 .comment       0x00000000       0x2e /home/dmytro/bin/arm-unknown-eabi/lib/gcc/arm-unknown-eabi/13.2.0/../../../../arm-unknown-eabi/lib/libg.a(libc_a-__atexit.o)
 .debug_frame   0x00000000       0x30 /home/dmytro/bin/arm-unknown-eabi/lib/gcc/arm-unknown-eabi/13.2.0/../../../../arm-unknown-eabi/lib/libg.a(libc_a-__atexit.o)
 .ARM.attributes
                0x00000000       0x34 /home/dmytro/bin/arm-unknown-eabi/lib/gcc/arm-unknown-eabi/13.2.0/../../../../arm-unknown-eabi/lib/libg.a(libc_a-__atexit.o)
 .text          0x00000000       0x94 /home/dmytro/bin/arm-unknown-eabi/lib/gcc/arm-unknown-eabi/13.2.0/../../../../arm-unknown-eabi/lib/libg.a(libc_a-__call_atexit.o)
 .data          0x00000000        0x0 /home/dmytro/bin/arm-unknown-eabi/lib/gcc/arm-unknown-eabi/13.2.0/../../../../arm-unknown-eabi/lib/libg.a(libc_a-__call_atexit.o)
 .bss           0x00000000        0x4 /home/dmytro/bin/arm-unknown-eabi/lib/gcc/arm-unknown-eabi/13.2.0/../../../../arm-unknown-eabi/lib/libg.a(libc_a-__call_atexit.o)
 .debug_info    0x00000000      0x232 /home/dmytro/bin/arm-unknown-eabi/lib/gcc/arm-unknown-eabi/13.2.0/../../../../arm-unknown-eabi/lib/libg.a(libc_a-__call_atexit.o)
 .debug_abbrev  0x00000000      0x16a /home/dmytro/bin/arm-unknown-eabi/lib/gcc/arm-unknown-eabi/13.2.0/../../../../arm-unknown-eabi/lib/libg.a(libc_a-__call_atexit.o)
 .debug_loclists
                0x00000000       0xa1 /home/dmytro/bin/arm-unknown-eabi/lib/gcc/arm-unknown-eabi/13.2.0/../../../../arm-unknown-eabi/lib/libg.a(libc_a-__call_atexit.o)
 .debug_aranges
                0x00000000       0x20 /home/dmytro/bin/arm-unknown-eabi/lib/gcc/arm-unknown-eabi/13.2.0/../../../../arm-unknown-eabi/lib/libg.a(libc_a-__call_atexit.o)
 .debug_rnglists
                0x00000000       0x1a /home/dmytro/bin/arm-unknown-eabi/lib/gcc/arm-unknown-eabi/13.2.0/../../../../arm-unknown-eabi/lib/libg.a(libc_a-__call_atexit.o)
 .debug_line    0x00000000      0x21e /home/dmytro/bin/arm-unknown-eabi/lib/gcc/arm-unknown-eabi/13.2.0/../../../../arm-unknown-eabi/lib/libg.a(libc_a-__call_atexit.o)
 .debug_str     0x00000000      0x28a /home/dmytro/bin/arm-unknown-eabi/lib/gcc/arm-unknown-eabi/13.2.0/../../../../arm-unknown-eabi/lib/libg.a(libc_a-__call_atexit.o)
 .comment       0x00000000       0x2e /home/dmytro/bin/arm-unknown-eabi/lib/gcc/arm-unknown-eabi/13.2.0/../../../../arm-unknown-eabi/lib/libg.a(libc_a-__call_atexit.o)
 .debug_frame   0x00000000       0x3c /home/dmytro/bin/arm-unknown-eabi/lib/gcc/arm-unknown-eabi/13.2.0/../../../../arm-unknown-eabi/lib/libg.a(libc_a-__call_atexit.o)
 .ARM.attributes
                0x00000000       0x34 /home/dmytro/bin/arm-unknown-eabi/lib/gcc/arm-unknown-eabi/13.2.0/../../../../arm-unknown-eabi/lib/libg.a(libc_a-__call_atexit.o)
 .text          0x00000000      0x22c /home/dmytro/bin/arm-unknown-eabi/lib/gcc/arm-unknown-eabi/13.2.0/../../../../arm-unknown-eabi/lib/libg.a(libc_a-freer.o)
 .data          0x00000000        0x0 /home/dmytro/bin/arm-unknown-eabi/lib/gcc/arm-unknown-eabi/13.2.0/../../../../arm-unknown-eabi/lib/libg.a(libc_a-freer.o)
 .bss           0x00000000        0x0 /home/dmytro/bin/arm-unknown-eabi/lib/gcc/arm-unknown-eabi/13.2.0/../../../../arm-unknown-eabi/lib/libg.a(libc_a-freer.o)
 .debug_info    0x00000000      0xb3a /home/dmytro/bin/arm-unknown-eabi/lib/gcc/arm-unknown-eabi/13.2.0/../../../../arm-unknown-eabi/lib/libg.a(libc_a-freer.o)
 .debug_abbrev  0x00000000      0x27d /home/dmytro/bin/arm-unknown-eabi/lib/gcc/arm-unknown-eabi/13.2.0/../../../../arm-unknown-eabi/lib/libg.a(libc_a-freer.o)
 .debug_loclists
                0x00000000      0x30e /home/dmytro/bin/arm-unknown-eabi/lib/gcc/arm-unknown-eabi/13.2.0/../../../../arm-unknown-eabi/lib/libg.a(libc_a-freer.o)
 .debug_aranges
                0x00000000       0x20 /home/dmytro/bin/arm-unknown-eabi/lib/gcc/arm-unknown-eabi/13.2.0/../../../../arm-unknown-eabi/lib/libg.a(libc_a-freer.o)
 .debug_line    0x00000000      0x4f3 /home/dmytro/bin/arm-unknown-eabi/lib/gcc/arm-unknown-eabi/13.2.0/../../../../arm-unknown-eabi/lib/libg.a(libc_a-freer.o)
 .debug_str     0x00000000      0x676 /home/dmytro/bin/arm-unknown-eabi/lib/gcc/arm-unknown-eabi/13.2.0/../../../../arm-unknown-eabi/lib/libg.a(libc_a-freer.o)
 .comment       0x00000000       0x2e /home/dmytro/bin/arm-unknown-eabi/lib/gcc/arm-unknown-eabi/13.2.0/../../../../arm-unknown-eabi/lib/libg.a(libc_a-freer.o)
 .debug_frame   0x00000000       0x60 /home/dmytro/bin/arm-unknown-eabi/lib/gcc/arm-unknown-eabi/13.2.0/../../../../arm-unknown-eabi/lib/libg.a(libc_a-freer.o)
 .ARM.attributes
                0x00000000       0x34 /home/dmytro/bin/arm-unknown-eabi/lib/gcc/arm-unknown-eabi/13.2.0/../../../../arm-unknown-eabi/lib/libg.a(libc_a-freer.o)
 .text          0x00000000      0x478 /home/dmytro/bin/arm-unknown-eabi/lib/gcc/arm-unknown-eabi/13.2.0/../../../../arm-unknown-eabi/lib/libg.a(libc_a-mallocr.o)
 .data          0x00000000      0x410 /home/dmytro/bin/arm-unknown-eabi/lib/gcc/arm-unknown-eabi/13.2.0/../../../../arm-unknown-eabi/lib/libg.a(libc_a-mallocr.o)
 .bss           0x00000000       0x34 /home/dmytro/bin/arm-unknown-eabi/lib/gcc/arm-unknown-eabi/13.2.0/../../../../arm-unknown-eabi/lib/libg.a(libc_a-mallocr.o)
 .debug_info    0x00000000      0xc73 /home/dmytro/bin/arm-unknown-eabi/lib/gcc/arm-unknown-eabi/13.2.0/../../../../arm-unknown-eabi/lib/libg.a(libc_a-mallocr.o)
 .debug_abbrev  0x00000000      0x2c7 /home/dmytro/bin/arm-unknown-eabi/lib/gcc/arm-unknown-eabi/13.2.0/../../../../arm-unknown-eabi/lib/libg.a(libc_a-mallocr.o)
 .debug_loclists
                0x00000000      0x64e /home/dmytro/bin/arm-unknown-eabi/lib/gcc/arm-unknown-eabi/13.2.0/../../../../arm-unknown-eabi/lib/libg.a(libc_a-mallocr.o)
 .debug_aranges
                0x00000000       0x20 /home/dmytro/bin/arm-unknown-eabi/lib/gcc/arm-unknown-eabi/13.2.0/../../../../arm-unknown-eabi/lib/libg.a(libc_a-mallocr.o)
 .debug_rnglists
                0x00000000       0x1c /home/dmytro/bin/arm-unknown-eabi/lib/gcc/arm-unknown-eabi/13.2.0/../../../../arm-unknown-eabi/lib/libg.a(libc_a-mallocr.o)
 .debug_line    0x00000000      0x82b /home/dmytro/bin/arm-unknown-eabi/lib/gcc/arm-unknown-eabi/13.2.0/../../../../arm-unknown-eabi/lib/libg.a(libc_a-mallocr.o)
 .debug_str     0x00000000      0x72e /home/dmytro/bin/arm-unknown-eabi/lib/gcc/arm-unknown-eabi/13.2.0/../../../../arm-unknown-eabi/lib/libg.a(libc_a-mallocr.o)
 .comment       0x00000000       0x2e /home/dmytro/bin/arm-unknown-eabi/lib/gcc/arm-unknown-eabi/13.2.0/../../../../arm-unknown-eabi/lib/libg.a(libc_a-mallocr.o)
 .debug_frame   0x00000000       0x40 /home/dmytro/bin/arm-unknown-eabi/lib/gcc/arm-unknown-eabi/13.2.0/../../../../arm-unknown-eabi/lib/libg.a(libc_a-mallocr.o)
 .ARM.attributes
                0x00000000       0x34 /home/dmytro/bin/arm-unknown-eabi/lib/gcc/arm-unknown-eabi/13.2.0/../../../../arm-unknown-eabi/lib/libg.a(libc_a-mallocr.o)
 .text          0x00000000        0x4 /home/dmytro/bin/arm-unknown-eabi/lib/gcc/arm-unknown-eabi/13.2.0/../../../../arm-unknown-eabi/lib/libg.a(libc_a-mlock.o)
 .data          0x00000000        0x0 /home/dmytro/bin/arm-unknown-eabi/lib/gcc/arm-unknown-eabi/13.2.0/../../../../arm-unknown-eabi/lib/libg.a(libc_a-mlock.o)
 .bss           0x00000000        0x0 /home/dmytro/bin/arm-unknown-eabi/lib/gcc/arm-unknown-eabi/13.2.0/../../../../arm-unknown-eabi/lib/libg.a(libc_a-mlock.o)
 .debug_info    0x00000000      0x73a /home/dmytro/bin/arm-unknown-eabi/lib/gcc/arm-unknown-eabi/13.2.0/../../../../arm-unknown-eabi/lib/libg.a(libc_a-mlock.o)
 .debug_abbrev  0x00000000      0x1ce /home/dmytro/bin/arm-unknown-eabi/lib/gcc/arm-unknown-eabi/13.2.0/../../../../arm-unknown-eabi/lib/libg.a(libc_a-mlock.o)
 .debug_aranges
                0x00000000       0x20 /home/dmytro/bin/arm-unknown-eabi/lib/gcc/arm-unknown-eabi/13.2.0/../../../../arm-unknown-eabi/lib/libg.a(libc_a-mlock.o)
 .debug_line    0x00000000      0x1f7 /home/dmytro/bin/arm-unknown-eabi/lib/gcc/arm-unknown-eabi/13.2.0/../../../../arm-unknown-eabi/lib/libg.a(libc_a-mlock.o)
 .debug_str     0x00000000      0x524 /home/dmytro/bin/arm-unknown-eabi/lib/gcc/arm-unknown-eabi/13.2.0/../../../../arm-unknown-eabi/lib/libg.a(libc_a-mlock.o)
 .comment       0x00000000       0x2e /home/dmytro/bin/arm-unknown-eabi/lib/gcc/arm-unknown-eabi/13.2.0/../../../../arm-unknown-eabi/lib/libg.a(libc_a-mlock.o)
 .debug_frame   0x00000000       0x30 /home/dmytro/bin/arm-unknown-eabi/lib/gcc/arm-unknown-eabi/13.2.0/../../../../arm-unknown-eabi/lib/libg.a(libc_a-mlock.o)
 .ARM.attributes
                0x00000000       0x34 /home/dmytro/bin/arm-unknown-eabi/lib/gcc/arm-unknown-eabi/13.2.0/../../../../arm-unknown-eabi/lib/libg.a(libc_a-mlock.o)
 .text          0x00000000       0x8c /home/dmytro/bin/arm-unknown-eabi/lib/gcc/arm-unknown-eabi/13.2.0/../../../../arm-unknown-eabi/lib/libg.a(libc_a-fclose.o)
 .data          0x00000000        0x0 /home/dmytro/bin/arm-unknown-eabi/lib/gcc/arm-unknown-eabi/13.2.0/../../../../arm-unknown-eabi/lib/libg.a(libc_a-fclose.o)
 .bss           0x00000000        0x0 /home/dmytro/bin/arm-unknown-eabi/lib/gcc/arm-unknown-eabi/13.2.0/../../../../arm-unknown-eabi/lib/libg.a(libc_a-fclose.o)
 .debug_info    0x00000000      0x8f3 /home/dmytro/bin/arm-unknown-eabi/lib/gcc/arm-unknown-eabi/13.2.0/../../../../arm-unknown-eabi/lib/libg.a(libc_a-fclose.o)
 .debug_abbrev  0x00000000      0x2ea /home/dmytro/bin/arm-unknown-eabi/lib/gcc/arm-unknown-eabi/13.2.0/../../../../arm-unknown-eabi/lib/libg.a(libc_a-fclose.o)
 .debug_loclists
                0x00000000       0x98 /home/dmytro/bin/arm-unknown-eabi/lib/gcc/arm-unknown-eabi/13.2.0/../../../../arm-unknown-eabi/lib/libg.a(libc_a-fclose.o)
 .debug_aranges
                0x00000000       0x20 /home/dmytro/bin/arm-unknown-eabi/lib/gcc/arm-unknown-eabi/13.2.0/../../../../arm-unknown-eabi/lib/libg.a(libc_a-fclose.o)
 .debug_line    0x00000000      0x2e3 /home/dmytro/bin/arm-unknown-eabi/lib/gcc/arm-unknown-eabi/13.2.0/../../../../arm-unknown-eabi/lib/libg.a(libc_a-fclose.o)
 .debug_str     0x00000000      0x565 /home/dmytro/bin/arm-unknown-eabi/lib/gcc/arm-unknown-eabi/13.2.0/../../../../arm-unknown-eabi/lib/libg.a(libc_a-fclose.o)
 .comment       0x00000000       0x2e /home/dmytro/bin/arm-unknown-eabi/lib/gcc/arm-unknown-eabi/13.2.0/../../../../arm-unknown-eabi/lib/libg.a(libc_a-fclose.o)
 .debug_frame   0x00000000       0x3c /home/dmytro/bin/arm-unknown-eabi/lib/gcc/arm-unknown-eabi/13.2.0/../../../../arm-unknown-eabi/lib/libg.a(libc_a-fclose.o)
 .ARM.attributes
                0x00000000       0x34 /home/dmytro/bin/arm-unknown-eabi/lib/gcc/arm-unknown-eabi/13.2.0/../../../../arm-unknown-eabi/lib/libg.a(libc_a-fclose.o)
 .text          0x00000000      0x15c /home/dmytro/bin/arm-unknown-eabi/lib/gcc/arm-unknown-eabi/13.2.0/../../../../arm-unknown-eabi/lib/libg.a(libc_a-fflush.o)
 .data          0x00000000        0x0 /home/dmytro/bin/arm-unknown-eabi/lib/gcc/arm-unknown-eabi/13.2.0/../../../../arm-unknown-eabi/lib/libg.a(libc_a-fflush.o)
 .bss           0x00000000        0x0 /home/dmytro/bin/arm-unknown-eabi/lib/gcc/arm-unknown-eabi/13.2.0/../../../../arm-unknown-eabi/lib/libg.a(libc_a-fflush.o)
 .debug_info    0x00000000      0x9cd /home/dmytro/bin/arm-unknown-eabi/lib/gcc/arm-unknown-eabi/13.2.0/../../../../arm-unknown-eabi/lib/libg.a(libc_a-fflush.o)
 .debug_abbrev  0x00000000      0x2f7 /home/dmytro/bin/arm-unknown-eabi/lib/gcc/arm-unknown-eabi/13.2.0/../../../../arm-unknown-eabi/lib/libg.a(libc_a-fflush.o)
 .debug_loclists
                0x00000000      0x1b7 /home/dmytro/bin/arm-unknown-eabi/lib/gcc/arm-unknown-eabi/13.2.0/../../../../arm-unknown-eabi/lib/libg.a(libc_a-fflush.o)
 .debug_aranges
                0x00000000       0x20 /home/dmytro/bin/arm-unknown-eabi/lib/gcc/arm-unknown-eabi/13.2.0/../../../../arm-unknown-eabi/lib/libg.a(libc_a-fflush.o)
 .debug_rnglists
                0x00000000       0x2c /home/dmytro/bin/arm-unknown-eabi/lib/gcc/arm-unknown-eabi/13.2.0/../../../../arm-unknown-eabi/lib/libg.a(libc_a-fflush.o)
 .debug_line    0x00000000      0x43a /home/dmytro/bin/arm-unknown-eabi/lib/gcc/arm-unknown-eabi/13.2.0/../../../../arm-unknown-eabi/lib/libg.a(libc_a-fflush.o)
 .debug_str     0x00000000      0x58d /home/dmytro/bin/arm-unknown-eabi/lib/gcc/arm-unknown-eabi/13.2.0/../../../../arm-unknown-eabi/lib/libg.a(libc_a-fflush.o)
 .comment       0x00000000       0x2e /home/dmytro/bin/arm-unknown-eabi/lib/gcc/arm-unknown-eabi/13.2.0/../../../../arm-unknown-eabi/lib/libg.a(libc_a-fflush.o)
 .debug_frame   0x00000000       0x68 /home/dmytro/bin/arm-unknown-eabi/lib/gcc/arm-unknown-eabi/13.2.0/../../../../arm-unknown-eabi/lib/libg.a(libc_a-fflush.o)
 .ARM.attributes
                0x00000000       0x34 /home/dmytro/bin/arm-unknown-eabi/lib/gcc/arm-unknown-eabi/13.2.0/../../../../arm-unknown-eabi/lib/libg.a(libc_a-fflush.o)
 .text          0x00000000       0x20 /home/dmytro/bin/arm-unknown-eabi/lib/gcc/arm-unknown-eabi/13.2.0/../../../../arm-unknown-eabi/lib/libg.a(libc_a-sbrkr.o)
 .data          0x00000000        0x0 /home/dmytro/bin/arm-unknown-eabi/lib/gcc/arm-unknown-eabi/13.2.0/../../../../arm-unknown-eabi/lib/libg.a(libc_a-sbrkr.o)
 .bss           0x00000000        0x0 /home/dmytro/bin/arm-unknown-eabi/lib/gcc/arm-unknown-eabi/13.2.0/../../../../arm-unknown-eabi/lib/libg.a(libc_a-sbrkr.o)
 .debug_info    0x00000000      0x796 /home/dmytro/bin/arm-unknown-eabi/lib/gcc/arm-unknown-eabi/13.2.0/../../../../arm-unknown-eabi/lib/libg.a(libc_a-sbrkr.o)
 .debug_abbrev  0x00000000      0x216 /home/dmytro/bin/arm-unknown-eabi/lib/gcc/arm-unknown-eabi/13.2.0/../../../../arm-unknown-eabi/lib/libg.a(libc_a-sbrkr.o)
 .debug_loclists
                0x00000000       0x4b /home/dmytro/bin/arm-unknown-eabi/lib/gcc/arm-unknown-eabi/13.2.0/../../../../arm-unknown-eabi/lib/libg.a(libc_a-sbrkr.o)
 .debug_aranges
                0x00000000       0x20 /home/dmytro/bin/arm-unknown-eabi/lib/gcc/arm-unknown-eabi/13.2.0/../../../../arm-unknown-eabi/lib/libg.a(libc_a-sbrkr.o)
 .debug_line    0x00000000      0x234 /home/dmytro/bin/arm-unknown-eabi/lib/gcc/arm-unknown-eabi/13.2.0/../../../../arm-unknown-eabi/lib/libg.a(libc_a-sbrkr.o)
 .debug_str     0x00000000      0x50f /home/dmytro/bin/arm-unknown-eabi/lib/gcc/arm-unknown-eabi/13.2.0/../../../../arm-unknown-eabi/lib/libg.a(libc_a-sbrkr.o)
 .comment       0x00000000       0x2e /home/dmytro/bin/arm-unknown-eabi/lib/gcc/arm-unknown-eabi/13.2.0/../../../../arm-unknown-eabi/lib/libg.a(libc_a-sbrkr.o)
 .debug_frame   0x00000000       0x2c /home/dmytro/bin/arm-unknown-eabi/lib/gcc/arm-unknown-eabi/13.2.0/../../../../arm-unknown-eabi/lib/libg.a(libc_a-sbrkr.o)
 .ARM.attributes
                0x00000000       0x34 /home/dmytro/bin/arm-unknown-eabi/lib/gcc/arm-unknown-eabi/13.2.0/../../../../arm-unknown-eabi/lib/libg.a(libc_a-sbrkr.o)
 .text          0x00000000       0x1a /home/dmytro/bin/arm-unknown-eabi/lib/gcc/arm-unknown-eabi/13.2.0/../../../../arm-unknown-eabi/lib/libg.a(libc_a-sysconf.o)
 .data          0x00000000        0x0 /home/dmytro/bin/arm-unknown-eabi/lib/gcc/arm-unknown-eabi/13.2.0/../../../../arm-unknown-eabi/lib/libg.a(libc_a-sysconf.o)
 .bss           0x00000000        0x0 /home/dmytro/bin/arm-unknown-eabi/lib/gcc/arm-unknown-eabi/13.2.0/../../../../arm-unknown-eabi/lib/libg.a(libc_a-sysconf.o)
 .debug_info    0x00000000       0xc1 /home/dmytro/bin/arm-unknown-eabi/lib/gcc/arm-unknown-eabi/13.2.0/../../../../arm-unknown-eabi/lib/libg.a(libc_a-sysconf.o)
 .debug_abbrev  0x00000000       0x80 /home/dmytro/bin/arm-unknown-eabi/lib/gcc/arm-unknown-eabi/13.2.0/../../../../arm-unknown-eabi/lib/libg.a(libc_a-sysconf.o)
 .debug_loclists
                0x00000000       0x3b /home/dmytro/bin/arm-unknown-eabi/lib/gcc/arm-unknown-eabi/13.2.0/../../../../arm-unknown-eabi/lib/libg.a(libc_a-sysconf.o)
 .debug_aranges
                0x00000000       0x20 /home/dmytro/bin/arm-unknown-eabi/lib/gcc/arm-unknown-eabi/13.2.0/../../../../arm-unknown-eabi/lib/libg.a(libc_a-sysconf.o)
 .debug_line    0x00000000      0x145 /home/dmytro/bin/arm-unknown-eabi/lib/gcc/arm-unknown-eabi/13.2.0/../../../../arm-unknown-eabi/lib/libg.a(libc_a-sysconf.o)
 .debug_str     0x00000000      0x1fc /home/dmytro/bin/arm-unknown-eabi/lib/gcc/arm-unknown-eabi/13.2.0/../../../../arm-unknown-eabi/lib/libg.a(libc_a-sysconf.o)
 .comment       0x00000000       0x2e /home/dmytro/bin/arm-unknown-eabi/lib/gcc/arm-unknown-eabi/13.2.0/../../../../arm-unknown-eabi/lib/libg.a(libc_a-sysconf.o)
 .debug_frame   0x00000000       0x28 /home/dmytro/bin/arm-unknown-eabi/lib/gcc/arm-unknown-eabi/13.2.0/../../../../arm-unknown-eabi/lib/libg.a(libc_a-sysconf.o)
 .ARM.attributes
                0x00000000       0x34 /home/dmytro/bin/arm-unknown-eabi/lib/gcc/arm-unknown-eabi/13.2.0/../../../../arm-unknown-eabi/lib/libg.a(libc_a-sysconf.o)
 .text          0x00000000        0xc /home/dmytro/bin/arm-unknown-eabi/lib/gcc/arm-unknown-eabi/13.2.0/../../../../arm-unknown-eabi/lib/libg.a(libc_a-errno.o)
 .data          0x00000000        0x0 /home/dmytro/bin/arm-unknown-eabi/lib/gcc/arm-unknown-eabi/13.2.0/../../../../arm-unknown-eabi/lib/libg.a(libc_a-errno.o)
 .bss           0x00000000        0x0 /home/dmytro/bin/arm-unknown-eabi/lib/gcc/arm-unknown-eabi/13.2.0/../../../../arm-unknown-eabi/lib/libg.a(libc_a-errno.o)
 .debug_info    0x00000000      0x70f /home/dmytro/bin/arm-unknown-eabi/lib/gcc/arm-unknown-eabi/13.2.0/../../../../arm-unknown-eabi/lib/libg.a(libc_a-errno.o)
 .debug_abbrev  0x00000000      0x19a /home/dmytro/bin/arm-unknown-eabi/lib/gcc/arm-unknown-eabi/13.2.0/../../../../arm-unknown-eabi/lib/libg.a(libc_a-errno.o)
 .debug_aranges
                0x00000000       0x20 /home/dmytro/bin/arm-unknown-eabi/lib/gcc/arm-unknown-eabi/13.2.0/../../../../arm-unknown-eabi/lib/libg.a(libc_a-errno.o)
 .debug_line    0x00000000      0x18a /home/dmytro/bin/arm-unknown-eabi/lib/gcc/arm-unknown-eabi/13.2.0/../../../../arm-unknown-eabi/lib/libg.a(libc_a-errno.o)
 .debug_str     0x00000000      0x500 /home/dmytro/bin/arm-unknown-eabi/lib/gcc/arm-unknown-eabi/13.2.0/../../../../arm-unknown-eabi/lib/libg.a(libc_a-errno.o)
 .comment       0x00000000       0x2e /home/dmytro/bin/arm-unknown-eabi/lib/gcc/arm-unknown-eabi/13.2.0/../../../../arm-unknown-eabi/lib/libg.a(libc_a-errno.o)
 .debug_frame   0x00000000       0x20 /home/dmytro/bin/arm-unknown-eabi/lib/gcc/arm-unknown-eabi/13.2.0/../../../../arm-unknown-eabi/lib/libg.a(libc_a-errno.o)
 .ARM.attributes
                0x00000000       0x34 /home/dmytro/bin/arm-unknown-eabi/lib/gcc/arm-unknown-eabi/13.2.0/../../../../arm-unknown-eabi/lib/libg.a(libc_a-errno.o)
 .text          0x00000000        0x0 /home/dmytro/bin/arm-unknown-eabi/lib/gcc/arm-unknown-eabi/13.2.0/crtend.o
 .data          0x00000000        0x0 /home/dmytro/bin/arm-unknown-eabi/lib/gcc/arm-unknown-eabi/13.2.0/crtend.o
 .bss           0x00000000        0x0 /home/dmytro/bin/arm-unknown-eabi/lib/gcc/arm-unknown-eabi/13.2.0/crtend.o
 .rodata        0x00000000       0x24 /home/dmytro/bin/arm-unknown-eabi/lib/gcc/arm-unknown-eabi/13.2.0/crtend.o
 .eh_frame      0x00000000        0x4 /home/dmytro/bin/arm-unknown-eabi/lib/gcc/arm-unknown-eabi/13.2.0/crtend.o
 .tm_clone_table
                0x00000000        0x0 /home/dmytro/bin/arm-unknown-eabi/lib/gcc/arm-unknown-eabi/13.2.0/crtend.o
 .comment       0x00000000       0x2e /home/dmytro/bin/arm-unknown-eabi/lib/gcc/arm-unknown-eabi/13.2.0/crtend.o
 .ARM.attributes
                0x00000000       0x34 /home/dmytro/bin/arm-unknown-eabi/lib/gcc/arm-unknown-eabi/13.2.0/crtend.o
 .text          0x00000000        0x0 /home/dmytro/bin/arm-unknown-eabi/lib/gcc/arm-unknown-eabi/13.2.0/crtn.o
 .data          0x00000000        0x0 /home/dmytro/bin/arm-unknown-eabi/lib/gcc/arm-unknown-eabi/13.2.0/crtn.o
 .bss           0x00000000        0x0 /home/dmytro/bin/arm-unknown-eabi/lib/gcc/arm-unknown-eabi/13.2.0/crtn.o

Memory Configuration

Name             Origin             Length             Attributes
FLASH            0x08000000         0x00040000         xr
RAM              0x20000000         0x0000a000         rw
CCRAM            0x10000000         0x00002000         xrw
*default*        0x00000000         0xffffffff

Linker script and memory map

LOAD /home/dmytro/bin/arm-unknown-eabi/lib/gcc/arm-unknown-eabi/13.2.0/crti.o
LOAD /home/dmytro/bin/arm-unknown-eabi/lib/gcc/arm-unknown-eabi/13.2.0/crtbegin.o
LOAD /home/dmytro/bin/arm-unknown-eabi/lib/gcc/arm-unknown-eabi/13.2.0/../../../../arm-unknown-eabi/lib/crt0.o
LOAD /tmp/ccSaJYUk.o
LOAD /tmp/ccTUKWzv.o
LOAD /tmp/cc4rzWYC.o
LOAD /tmp/ccg8lSwF.o
LOAD libraries/lib-board/libstm32f3b.a
LOAD libraries/lib-mcu/libstm32f3.a
START GROUP
LOAD /home/dmytro/bin/arm-unknown-eabi/lib/gcc/arm-unknown-eabi/13.2.0/libgcc.a
LOAD /home/dmytro/bin/arm-unknown-eabi/lib/gcc/arm-unknown-eabi/13.2.0/../../../../arm-unknown-eabi/lib/libg.a
LOAD /home/dmytro/bin/arm-unknown-eabi/lib/gcc/arm-unknown-eabi/13.2.0/../../../../arm-unknown-eabi/lib/libc.a
END GROUP
LOAD /home/dmytro/bin/arm-unknown-eabi/lib/gcc/arm-unknown-eabi/13.2.0/crtend.o
LOAD /home/dmytro/bin/arm-unknown-eabi/lib/gcc/arm-unknown-eabi/13.2.0/crtn.o
                0x2000a000                        _estack = 0x2000a000

.isr_vector     0x08000000      0x188
                0x08000000                        . = ALIGN (0x4)
 *(.isr_vector)
 .isr_vector    0x08000000      0x188 /tmp/ccSaJYUk.o
                0x08000000                g_pfnVectors
                0x08000188                        . = ALIGN (0x4)

.text           0x08000188     0x1210
                0x08000188                        . = ALIGN (0x4)
 *(.text)
 .text          0x08000188      0x11c libraries/lib-board/libstm32f3b.a(stm32f3_discovery.o)
                0x08000188                STM_EVAL_LEDInit
                0x080001c4                STM_EVAL_LEDOn
                0x080001e0                STM_EVAL_LEDOff
                0x080001fc                STM_EVAL_LEDToggle
                0x0800021c                STM_EVAL_PBInit
                0x0800028c                STM_EVAL_PBGetState
 .text          0x080002a4      0x1e0 libraries/lib-mcu/libstm32f3.a(stm32f30x_exti.o)
                0x080002a4                EXTI_DeInit
                0x080002d8                EXTI_Init
                0x080003dc                EXTI_StructInit
                0x080003ec                EXTI_GenerateSWInterrupt
                0x0800040c                EXTI_GetFlagStatus
                0x0800042c                EXTI_ClearFlag
                0x08000444                EXTI_GetITStatus
                0x0800046c                EXTI_ClearITPendingBit
 .text          0x08000484      0x1ec libraries/lib-mcu/libstm32f3.a(stm32f30x_gpio.o)
                0x08000484                GPIO_DeInit
                0x08000550                GPIO_Init
                0x080005e8                GPIO_StructInit
                0x080005f8                GPIO_PinLockConfig
                0x08000608                GPIO_ReadInputDataBit
                0x08000614                GPIO_ReadInputData
                0x0800061c                GPIO_ReadOutputDataBit
                0x08000628                GPIO_ReadOutputData
                0x08000630                GPIO_SetBits
                0x08000634                GPIO_ResetBits
                0x08000638                GPIO_WriteBit
                0x08000644                GPIO_Write
                0x08000648                GPIO_PinAFConfig
 .text          0x08000670       0xb4 libraries/lib-mcu/libstm32f3.a(stm32f30x_misc.o)
                0x08000670                NVIC_PriorityGroupConfig
                0x08000684                NVIC_Init
                0x080006e0                NVIC_SetVectorTable
                0x080006f4                NVIC_SystemLPConfig
                0x0800070c                SysTick_CLKSourceConfig
 .text          0x08000724      0x630 libraries/lib-mcu/libstm32f3.a(stm32f30x_rcc.o)
                0x08000724                RCC_DeInit
                0x0800077c                RCC_HSEConfig
                0x0800078c                RCC_WaitForHSEStartUp
                0x080007c0                RCC_AdjustHSICalibrationValue
                0x080007d4                RCC_HSICmd
                0x080007e0                RCC_LSEConfig
                0x08000800                RCC_LSEDriveConfig
                0x08000818                RCC_LSICmd
                0x08000824                RCC_PLLConfig
                0x0800083c                RCC_PLLCmd
                0x08000848                RCC_PREDIV1Config
                0x0800085c                RCC_ClockSecuritySystemCmd
                0x08000868                RCC_MCOConfig
                0x08000874                RCC_SYSCLKConfig
                0x08000888                RCC_GetSYSCLKSource
                0x08000898                RCC_HCLKConfig
                0x080008ac                RCC_PCLK1Config
                0x080008c0                RCC_PCLK2Config
                0x080008d4                RCC_GetClocksFreq
                0x08000b38                RCC_ADCCLKConfig
                0x08000b58                RCC_I2CCLKConfig
                0x08000b78                RCC_TIMCLKConfig
                0x08000b98                RCC_USARTCLKConfig
                0x08000bf4                RCC_USBCLKConfig
                0x08000c00                RCC_RTCCLKConfig
                0x08000c10                RCC_I2SCLKConfig
                0x08000c1c                RCC_RTCCLKCmd
                0x08000c28                RCC_BackupResetCmd
                0x08000c34                RCC_AHBPeriphClockCmd
                0x08000c4c                RCC_APB2PeriphClockCmd
                0x08000c64                RCC_APB1PeriphClockCmd
                0x08000c7c                RCC_AHBPeriphResetCmd
                0x08000c94                RCC_APB2PeriphResetCmd
                0x08000cac                RCC_APB1PeriphResetCmd
                0x08000cc4                RCC_ITConfig
                0x08000cdc                RCC_GetFlagStatus
                0x08000d24                RCC_ClearFlag
                0x08000d34                RCC_GetITStatus
                0x08000d48                RCC_ClearITPendingBit
 .text          0x08000d54      0x148 libraries/lib-mcu/libstm32f3.a(stm32f30x_syscfg.o)
                0x08000d54                SYSCFG_DeInit
                0x08000d7c                SYSCFG_MemoryRemapConfig
                0x08000d90                SYSCFG_DMAChannelRemapConfig
                0x08000da8                SYSCFG_TriggerRemapConfig
                0x08000dc4                SYSCFG_EncoderRemapConfig
                0x08000ddc                SYSCFG_USBInterruptLineRemapCmd
                0x08000de8                SYSCFG_I2CFastModePlusConfig
                0x08000e04                SYSCFG_ITConfig
                0x08000e20                SYSCFG_EXTILineConfig
                0x08000e4c                SYSCFG_BreakConfig
                0x08000e5c                SYSCFG_BypassParityCheckDisable
                0x08000e6c                SYSCFG_SRAMWRPEnable
                0x08000e7c                SYSCFG_GetFlagStatus
                0x08000e8c                SYSCFG_ClearFlag
 .text          0x08000e9c       0x4c /home/dmytro/bin/arm-unknown-eabi/lib/gcc/arm-unknown-eabi/13.2.0/../../../../arm-unknown-eabi/lib/libg.a(libc_a-rand.o)
                0x08000e9c                srand
                0x08000eb0                rand
 *(.text.*)
 .text.Reset_Handler
                0x08000ee8       0x44 /tmp/ccSaJYUk.o
                0x08000ee8                Reset_Handler
 .text.Default_Handler
                0x08000f2c        0x2 /tmp/ccSaJYUk.o
                0x08000f2c                RTC_Alarm_IRQHandler
                0x08000f2c                TIM8_TRG_COM_IRQHandler
                0x08000f2c                TIM8_CC_IRQHandler
                0x08000f2c                TIM1_CC_IRQHandler
                0x08000f2c                USB_HP_IRQHandler
                0x08000f2c                PVD_IRQHandler
                0x08000f2c                EXTI3_IRQHandler
                0x08000f2c                I2C2_EV_IRQHandler
                0x08000f2c                FPU_IRQHandler
                0x08000f2c                EXTI2_TS_IRQHandler
                0x08000f2c                TIM1_UP_TIM16_IRQHandler
                0x08000f2c                ADC1_2_IRQHandler
                0x08000f2c                SPI1_IRQHandler
                0x08000f2c                TIM6_DAC_IRQHandler
                0x08000f2c                TIM8_UP_IRQHandler
                0x08000f2c                DMA2_Channel2_IRQHandler
                0x08000f2c                DMA1_Channel4_IRQHandler
                0x08000f2c                USART3_IRQHandler
                0x08000f2c                DMA1_Channel7_IRQHandler
                0x08000f2c                CAN1_RX1_IRQHandler
                0x08000f2c                UART5_IRQHandler
                0x08000f2c                ADC3_IRQHandler
                0x08000f2c                TIM4_IRQHandler
                0x08000f2c                DMA2_Channel1_IRQHandler
                0x08000f2c                I2C1_EV_IRQHandler
                0x08000f2c                DMA1_Channel6_IRQHandler
                0x08000f2c                UART4_IRQHandler
                0x08000f2c                DMA2_Channel4_IRQHandler
                0x08000f2c                TIM3_IRQHandler
                0x08000f2c                RCC_IRQHandler
                0x08000f2c                DMA1_Channel1_IRQHandler
                0x08000f2c                Default_Handler
                0x08000f2c                USBWakeUp_RMP_IRQHandler
                0x08000f2c                EXTI15_10_IRQHandler
                0x08000f2c                TIM7_IRQHandler
                0x08000f2c                EXTI9_5_IRQHandler
                0x08000f2c                TAMPER_STAMP_IRQHandler
                0x08000f2c                RTC_WKUP_IRQHandler
                0x08000f2c                SPI2_IRQHandler
                0x08000f2c                DMA2_Channel5_IRQHandler
                0x08000f2c                DMA1_Channel5_IRQHandler
                0x08000f2c                USB_LP_IRQHandler
                0x08000f2c                EXTI4_IRQHandler
                0x08000f2c                USB_LP_CAN1_RX0_IRQHandler
                0x08000f2c                TIM1_TRG_COM_TIM17_IRQHandler
                0x08000f2c                USB_HP_CAN1_TX_IRQHandler
                0x08000f2c                DMA1_Channel3_IRQHandler
                0x08000f2c                ADC4_IRQHandler
                0x08000f2c                WWDG_IRQHandler
                0x08000f2c                TIM2_IRQHandler
                0x08000f2c                COMP7_IRQHandler
                0x08000f2c                COMP1_2_3_IRQHandler
                0x08000f2c                EXTI1_IRQHandler
                0x08000f2c                USART2_IRQHandler
                0x08000f2c                COMP4_5_6_IRQHandler
                0x08000f2c                I2C2_ER_IRQHandler
                0x08000f2c                DMA1_Channel2_IRQHandler
                0x08000f2c                TIM8_BRK_IRQHandler
                0x08000f2c                CAN1_SCE_IRQHandler
                0x08000f2c                FLASH_IRQHandler
                0x08000f2c                USART1_IRQHandler
                0x08000f2c                SPI3_IRQHandler
                0x08000f2c                I2C1_ER_IRQHandler
                0x08000f2c                USBWakeUp_IRQHandler
                0x08000f2c                DMA2_Channel3_IRQHandler
                0x08000f2c                TIM1_BRK_TIM15_IRQHandler
 *fill*         0x08000f2e        0x2 
 .text.SystemInit
                0x08000f30       0xf8 /tmp/ccTUKWzv.o
                0x08000f30                SystemInit
 .text.NMI_Handler
                0x08001028        0x2 /tmp/cc4rzWYC.o
                0x08001028                NMI_Handler
 .text.HardFault_Handler
                0x0800102a        0x2 /tmp/cc4rzWYC.o
                0x0800102a                HardFault_Handler
 .text.MemManage_Handler
                0x0800102c        0x2 /tmp/cc4rzWYC.o
                0x0800102c                MemManage_Handler
 .text.BusFault_Handler
                0x0800102e        0x2 /tmp/cc4rzWYC.o
                0x0800102e                BusFault_Handler
 .text.UsageFault_Handler
                0x08001030        0x2 /tmp/cc4rzWYC.o
                0x08001030                UsageFault_Handler
 .text.SVC_Handler
                0x08001032        0x2 /tmp/cc4rzWYC.o
                0x08001032                SVC_Handler
 .text.DebugMon_Handler
                0x08001034        0x2 /tmp/cc4rzWYC.o
                0x08001034                DebugMon_Handler
 .text.PendSV_Handler
                0x08001036        0x2 /tmp/cc4rzWYC.o
                0x08001036                PendSV_Handler
 .text.SysTick_Handler
                0x08001038        0x4 /tmp/cc4rzWYC.o
                0x08001038                SysTick_Handler
 .text.AllLEDsOff
                0x0800103c       0x36 /tmp/ccg8lSwF.o
                0x0800103c                AllLEDsOff
 *fill*         0x08001072        0x2 
 .text.Delay    0x08001074       0x18 /tmp/ccg8lSwF.o
                0x08001074                Delay
 .text.ToggleLEDsInCircle
                0x0800108c       0x6a /tmp/ccg8lSwF.o
                0x0800108c                ToggleLEDsInCircle
 .text.ToggleLEDsHalfPattern
                0x080010f6       0x76 /tmp/ccg8lSwF.o
                0x080010f6                ToggleLEDsHalfPattern
 .text.ToggleLEDsInCirclePattern
                0x0800116c       0x74 /tmp/ccg8lSwF.o
                0x0800116c                ToggleLEDsInCirclePattern
 .text.ToggleRandomLEDs
                0x080011e0       0x2e /tmp/ccg8lSwF.o
                0x080011e0                ToggleRandomLEDs
 *fill*         0x0800120e        0x2 
 .text.startup.main
                0x08001210       0xc8 /tmp/ccg8lSwF.o
                0x08001210                main
 .text.TimingDelay_Decrement
                0x080012d8       0x14 /tmp/ccg8lSwF.o
                0x080012d8                TimingDelay_Decrement
 .text.EXTI0_IRQHandler
                0x080012ec       0x20 /tmp/ccg8lSwF.o
                0x080012ec                EXTI0_IRQHandler
 *(.rodata)
 .rodata        0x0800130c       0x46 libraries/lib-board/libstm32f3b.a(stm32f3_discovery.o)
                0x0800130c                GPIO_CLK
                0x0800132c                GPIO_PIN
                0x0800133c                BUTTON_IRQn
                0x08001340                BUTTON_PIN_SOURCE
                0x08001344                BUTTON_PORT_SOURCE
                0x08001348                BUTTON_EXTI_LINE
                0x0800134c                BUTTON_CLK
                0x08001350                BUTTON_PIN
 *fill*         0x08001352        0x2 
 .rodata        0x08001354       0x2a libraries/lib-mcu/libstm32f3.a(stm32f30x_rcc.o)
 *(.rodata*)
 *(.glue_7)
 .glue_7        0x0800137e        0x0 linker stubs
 *(.glue_7t)
 .glue_7t       0x0800137e        0x0 linker stubs
 *(.init)
 *fill*         0x0800137e        0x2 
 .init          0x08001380        0x4 /home/dmytro/bin/arm-unknown-eabi/lib/gcc/arm-unknown-eabi/13.2.0/crti.o
                0x08001380                _init
 .init          0x08001384        0x8 /home/dmytro/bin/arm-unknown-eabi/lib/gcc/arm-unknown-eabi/13.2.0/crtn.o
 *(.fini)
 .fini          0x0800138c        0x4 /home/dmytro/bin/arm-unknown-eabi/lib/gcc/arm-unknown-eabi/13.2.0/crti.o
                0x0800138c                _fini
 .fini          0x08001390        0x8 /home/dmytro/bin/arm-unknown-eabi/lib/gcc/arm-unknown-eabi/13.2.0/crtn.o
                0x08001398                        . = ALIGN (0x4)
                0x08001398                        _etext = .
                0x08001398                        _sidata = _etext

.vfp11_veneer   0x08001398        0x0
 .vfp11_veneer  0x08001398        0x0 linker stubs

.v4_bx          0x08001398        0x0
 .v4_bx         0x08001398        0x0 linker stubs

.iplt           0x08001398        0x0
 .iplt          0x08001398        0x0 /tmp/ccSaJYUk.o

.rel.dyn        0x08001398        0x0
 .rel.iplt      0x08001398        0x0 /tmp/ccSaJYUk.o

.data           0x20000000      0x150 load address 0x08001398
                0x20000000                        . = ALIGN (0x4)
                0x20000000                        _sdata = .
                0x20000000                        _data = .
 *(.data)
 .data          0x20000000       0x24 libraries/lib-board/libstm32f3b.a(stm32f3_discovery.o)
                0x20000000                GPIO_PORT
                0x20000020                BUTTON_PORT
 *fill*         0x20000024        0x4 
 .data          0x20000028      0x128 /home/dmytro/bin/arm-unknown-eabi/lib/gcc/arm-unknown-eabi/13.2.0/../../../../arm-unknown-eabi/lib/libg.a(libc_a-impure.o)
                0x20000028                _impure_ptr
                0x20000030                _impure_data
 *(.data.*)
 *(.RAMtext)
                0x20000150                        . = ALIGN (0x4)
                0x20000150                        _edata = .

.igot.plt       0x20000150        0x0 load address 0x080014e8
 .igot.plt      0x20000150        0x0 /tmp/ccSaJYUk.o

.bss            0x20000150      0x184 load address 0x080014e8
                0x20000150                        . = ALIGN (0x4)
                0x20000150                        _sbss = .
                0x20000150                        _bss = .
 *(.bss)
 .bss           0x20000150      0x13c /home/dmytro/bin/arm-unknown-eabi/lib/gcc/arm-unknown-eabi/13.2.0/../../../../arm-unknown-eabi/lib/libg.a(libc_a-findfp.o)
                0x20000150                __sf
                0x20000288                __stdio_exit_handler
 *(.bss.*)
 .bss.currentState
                0x2000028c        0x1 /tmp/ccg8lSwF.o
                0x2000028c                currentState
 *fill*         0x2000028d        0x3 
 .bss.UserButtonPressed
                0x20000290        0x4 /tmp/ccg8lSwF.o
                0x20000290                UserButtonPressed
 .bss.TimingDelay
                0x20000294        0x4 /tmp/ccg8lSwF.o
                0x20000294                TimingDelay
 .bss.RCC_Clocks
                0x20000298       0x3c /tmp/ccg8lSwF.o
                0x20000298                RCC_Clocks
 *(COMMON)
                0x200002d4                        . = ALIGN (0x4)
                0x200002d4                        _ebss = .
                [!provide]                        PROVIDE (end = _ebss)
                [!provide]                        PROVIDE (_end = _ebss)
                0x200002d4                        __exidx_start = .
                0x200002d4                        __exidx_end = .

/DISCARD/
 libc.a(*)
 libm.a(*)
 libgcc.a(*)

.stab
 *(.stab)

.stabstr
 *(.stabstr)

.stab.excl
 *(.stab.excl)

.stab.exclstr
 *(.stab.exclstr)

.stab.index
 *(.stab.index)

.stab.indexstr
 *(.stab.indexstr)

.comment        0x00000000       0x2d
 *(.comment)
 .comment       0x00000000       0x2d /tmp/ccTUKWzv.o
                                 0x2e (size before relaxing)
 .comment       0x0000002d       0x2e /tmp/cc4rzWYC.o
 .comment       0x0000002d       0x2e /tmp/ccg8lSwF.o
 .comment       0x0000002d       0x2e libraries/lib-board/libstm32f3b.a(stm32f3_discovery.o)
 .comment       0x0000002d       0x2e libraries/lib-mcu/libstm32f3.a(stm32f30x_exti.o)
 .comment       0x0000002d       0x2e libraries/lib-mcu/libstm32f3.a(stm32f30x_gpio.o)
 .comment       0x0000002d       0x2e libraries/lib-mcu/libstm32f3.a(stm32f30x_misc.o)
 .comment       0x0000002d       0x2e libraries/lib-mcu/libstm32f3.a(stm32f30x_rcc.o)
 .comment       0x0000002d       0x2e libraries/lib-mcu/libstm32f3.a(stm32f30x_syscfg.o)
 .comment       0x0000002d       0x2e /home/dmytro/bin/arm-unknown-eabi/lib/gcc/arm-unknown-eabi/13.2.0/../../../../arm-unknown-eabi/lib/libg.a(libc_a-rand.o)
 .comment       0x0000002d       0x2e /home/dmytro/bin/arm-unknown-eabi/lib/gcc/arm-unknown-eabi/13.2.0/../../../../arm-unknown-eabi/lib/libg.a(libc_a-findfp.o)
 .comment       0x0000002d       0x2e /home/dmytro/bin/arm-unknown-eabi/lib/gcc/arm-unknown-eabi/13.2.0/../../../../arm-unknown-eabi/lib/libg.a(libc_a-impure.o)

.ARM.attributes
                0x00000000       0x30
 .ARM.attributes
                0x00000000       0x22 /home/dmytro/bin/arm-unknown-eabi/lib/gcc/arm-unknown-eabi/13.2.0/crti.o
 .ARM.attributes
                0x00000022       0x21 /tmp/ccSaJYUk.o
 .ARM.attributes
                0x00000043       0x34 /tmp/ccTUKWzv.o
 .ARM.attributes
                0x00000077       0x34 /tmp/cc4rzWYC.o
 .ARM.attributes
                0x000000ab       0x34 /tmp/ccg8lSwF.o
 .ARM.attributes
                0x000000df       0x34 libraries/lib-board/libstm32f3b.a(stm32f3_discovery.o)
 .ARM.attributes
                0x00000113       0x34 libraries/lib-mcu/libstm32f3.a(stm32f30x_exti.o)
 .ARM.attributes
                0x00000147       0x34 libraries/lib-mcu/libstm32f3.a(stm32f30x_gpio.o)
 .ARM.attributes
                0x0000017b       0x34 libraries/lib-mcu/libstm32f3.a(stm32f30x_misc.o)
 .ARM.attributes
                0x000001af       0x34 libraries/lib-mcu/libstm32f3.a(stm32f30x_rcc.o)
 .ARM.attributes
                0x000001e3       0x34 libraries/lib-mcu/libstm32f3.a(stm32f30x_syscfg.o)
 .ARM.attributes
                0x00000217       0x34 /home/dmytro/bin/arm-unknown-eabi/lib/gcc/arm-unknown-eabi/13.2.0/../../../../arm-unknown-eabi/lib/libg.a(libc_a-rand.o)
 .ARM.attributes
                0x0000024b       0x34 /home/dmytro/bin/arm-unknown-eabi/lib/gcc/arm-unknown-eabi/13.2.0/../../../../arm-unknown-eabi/lib/libg.a(libc_a-findfp.o)
 .ARM.attributes
                0x0000027f       0x34 /home/dmytro/bin/arm-unknown-eabi/lib/gcc/arm-unknown-eabi/13.2.0/../../../../arm-unknown-eabi/lib/libg.a(libc_a-impure.o)
 .ARM.attributes
                0x000002b3       0x22 /home/dmytro/bin/arm-unknown-eabi/lib/gcc/arm-unknown-eabi/13.2.0/crtn.o

.debug
 *(.debug)

.line
 *(.line)

.debug_srcinfo
 *(.debug_srcinfo)

.debug_sfnames
 *(.debug_sfnames)

.debug_aranges  0x00000000      0x228
 *(.debug_aranges)
 .debug_aranges
                0x00000000       0x28 /tmp/ccSaJYUk.o
 .debug_aranges
                0x00000028       0x28 /tmp/ccTUKWzv.o
 .debug_aranges
                0x00000050       0x60 /tmp/cc4rzWYC.o
 .debug_aranges
                0x000000b0       0x60 /tmp/ccg8lSwF.o
 .debug_aranges
                0x00000110       0x20 libraries/lib-board/libstm32f3b.a(stm32f3_discovery.o)
 .debug_aranges
                0x00000130       0x20 libraries/lib-mcu/libstm32f3.a(stm32f30x_exti.o)
 .debug_aranges
                0x00000150       0x20 libraries/lib-mcu/libstm32f3.a(stm32f30x_gpio.o)
 .debug_aranges
                0x00000170       0x20 libraries/lib-mcu/libstm32f3.a(stm32f30x_misc.o)
 .debug_aranges
                0x00000190       0x20 libraries/lib-mcu/libstm32f3.a(stm32f30x_rcc.o)
 .debug_aranges
                0x000001b0       0x20 libraries/lib-mcu/libstm32f3.a(stm32f30x_syscfg.o)
 .debug_aranges
                0x000001d0       0x20 /home/dmytro/bin/arm-unknown-eabi/lib/gcc/arm-unknown-eabi/13.2.0/../../../../arm-unknown-eabi/lib/libg.a(libc_a-rand.o)
 .debug_aranges
                0x000001f0       0x20 /home/dmytro/bin/arm-unknown-eabi/lib/gcc/arm-unknown-eabi/13.2.0/../../../../arm-unknown-eabi/lib/libg.a(libc_a-findfp.o)
 .debug_aranges
                0x00000210       0x18 /home/dmytro/bin/arm-unknown-eabi/lib/gcc/arm-unknown-eabi/13.2.0/../../../../arm-unknown-eabi/lib/libg.a(libc_a-impure.o)

.debug_pubnames
 *(.debug_pubnames)

.debug_info     0x00000000     0x5a77
 *(.debug_info .gnu.linkonce.wi.*)
 .debug_info    0x00000000       0x30 /tmp/ccSaJYUk.o
 .debug_info    0x00000030      0x4c8 /tmp/ccTUKWzv.o
 .debug_info    0x000004f8       0xff /tmp/cc4rzWYC.o
 .debug_info    0x000005f7      0xf2d /tmp/ccg8lSwF.o
 .debug_info    0x00001524      0x9b8 libraries/lib-board/libstm32f3b.a(stm32f3_discovery.o)
 .debug_info    0x00001edc      0x3ad libraries/lib-mcu/libstm32f3.a(stm32f30x_exti.o)
 .debug_info    0x00002289      0x753 libraries/lib-mcu/libstm32f3.a(stm32f30x_gpio.o)
 .debug_info    0x000029dc      0x4f8 libraries/lib-mcu/libstm32f3.a(stm32f30x_misc.o)
 .debug_info    0x00002ed4      0xb55 libraries/lib-mcu/libstm32f3.a(stm32f30x_rcc.o)
 .debug_info    0x00003a29      0x386 libraries/lib-mcu/libstm32f3.a(stm32f30x_syscfg.o)
 .debug_info    0x00003daf      0x754 /home/dmytro/bin/arm-unknown-eabi/lib/gcc/arm-unknown-eabi/13.2.0/../../../../arm-unknown-eabi/lib/libg.a(libc_a-rand.o)
 .debug_info    0x00004503      0xe4b /home/dmytro/bin/arm-unknown-eabi/lib/gcc/arm-unknown-eabi/13.2.0/../../../../arm-unknown-eabi/lib/libg.a(libc_a-findfp.o)
 .debug_info    0x0000534e      0x729 /home/dmytro/bin/arm-unknown-eabi/lib/gcc/arm-unknown-eabi/13.2.0/../../../../arm-unknown-eabi/lib/libg.a(libc_a-impure.o)

.debug_abbrev   0x00000000     0x1a5d
 *(.debug_abbrev)
 .debug_abbrev  0x00000000       0x24 /tmp/ccSaJYUk.o
 .debug_abbrev  0x00000024      0x19a /tmp/ccTUKWzv.o
 .debug_abbrev  0x000001be       0xb4 /tmp/cc4rzWYC.o
 .debug_abbrev  0x00000272      0x310 /tmp/ccg8lSwF.o
 .debug_abbrev  0x00000582      0x233 libraries/lib-board/libstm32f3b.a(stm32f3_discovery.o)
 .debug_abbrev  0x000007b5      0x1fa libraries/lib-mcu/libstm32f3.a(stm32f30x_exti.o)
 .debug_abbrev  0x000009af      0x23b libraries/lib-mcu/libstm32f3.a(stm32f30x_gpio.o)
 .debug_abbrev  0x00000bea      0x195 libraries/lib-mcu/libstm32f3.a(stm32f30x_misc.o)
 .debug_abbrev  0x00000d7f      0x2ca libraries/lib-mcu/libstm32f3.a(stm32f30x_rcc.o)
 .debug_abbrev  0x00001049      0x258 libraries/lib-mcu/libstm32f3.a(stm32f30x_syscfg.o)
 .debug_abbrev  0x000012a1      0x1dc /home/dmytro/bin/arm-unknown-eabi/lib/gcc/arm-unknown-eabi/13.2.0/../../../../arm-unknown-eabi/lib/libg.a(libc_a-rand.o)
 .debug_abbrev  0x0000147d      0x45b /home/dmytro/bin/arm-unknown-eabi/lib/gcc/arm-unknown-eabi/13.2.0/../../../../arm-unknown-eabi/lib/libg.a(libc_a-findfp.o)
 .debug_abbrev  0x000018d8      0x185 /home/dmytro/bin/arm-unknown-eabi/lib/gcc/arm-unknown-eabi/13.2.0/../../../../arm-unknown-eabi/lib/libg.a(libc_a-impure.o)

.debug_line     0x00000000     0x2c46
 *(.debug_line)
 .debug_line    0x00000000       0x75 /tmp/ccSaJYUk.o
 .debug_line    0x00000075      0x3a6 /tmp/ccTUKWzv.o
 .debug_line    0x0000041b      0x102 /tmp/cc4rzWYC.o
 .debug_line    0x0000051d      0x4c3 /tmp/ccg8lSwF.o
 .debug_line    0x000009e0      0x2b0 libraries/lib-board/libstm32f3b.a(stm32f3_discovery.o)
 .debug_line    0x00000c90      0x385 libraries/lib-mcu/libstm32f3.a(stm32f30x_exti.o)
 .debug_line    0x00001015      0x43a libraries/lib-mcu/libstm32f3.a(stm32f30x_gpio.o)
 .debug_line    0x0000144f      0x249 libraries/lib-mcu/libstm32f3.a(stm32f30x_misc.o)
 .debug_line    0x00001698      0xaee libraries/lib-mcu/libstm32f3.a(stm32f30x_rcc.o)
 .debug_line    0x00002186      0x24e libraries/lib-mcu/libstm32f3.a(stm32f30x_syscfg.o)
 .debug_line    0x000023d4      0x22b /home/dmytro/bin/arm-unknown-eabi/lib/gcc/arm-unknown-eabi/13.2.0/../../../../arm-unknown-eabi/lib/libg.a(libc_a-rand.o)
 .debug_line    0x000025ff      0x4df /home/dmytro/bin/arm-unknown-eabi/lib/gcc/arm-unknown-eabi/13.2.0/../../../../arm-unknown-eabi/lib/libg.a(libc_a-findfp.o)
 .debug_line    0x00002ade      0x168 /home/dmytro/bin/arm-unknown-eabi/lib/gcc/arm-unknown-eabi/13.2.0/../../../../arm-unknown-eabi/lib/libg.a(libc_a-impure.o)

.debug_frame    0x00000000      0x9a0
 *(.debug_frame)
 .debug_frame   0x00000000       0x38 /tmp/ccTUKWzv.o
 .debug_frame   0x00000038       0xa0 /tmp/cc4rzWYC.o
 .debug_frame   0x000000d8       0xf8 /tmp/ccg8lSwF.o
 .debug_frame   0x000001d0       0xa0 libraries/lib-board/libstm32f3b.a(stm32f3_discovery.o)
 .debug_frame   0x00000270       0xcc libraries/lib-mcu/libstm32f3.a(stm32f30x_exti.o)
 .debug_frame   0x0000033c      0x128 libraries/lib-mcu/libstm32f3.a(stm32f30x_gpio.o)
 .debug_frame   0x00000464       0x68 libraries/lib-mcu/libstm32f3.a(stm32f30x_misc.o)
 .debug_frame   0x000004cc      0x2a8 libraries/lib-mcu/libstm32f3.a(stm32f30x_rcc.o)
 .debug_frame   0x00000774       0xf0 libraries/lib-mcu/libstm32f3.a(stm32f30x_syscfg.o)
 .debug_frame   0x00000864       0x38 /home/dmytro/bin/arm-unknown-eabi/lib/gcc/arm-unknown-eabi/13.2.0/../../../../arm-unknown-eabi/lib/libg.a(libc_a-rand.o)
 .debug_frame   0x0000089c      0x104 /home/dmytro/bin/arm-unknown-eabi/lib/gcc/arm-unknown-eabi/13.2.0/../../../../arm-unknown-eabi/lib/libg.a(libc_a-findfp.o)

.debug_str      0x00000000     0x2175
 *(.debug_str)
 .debug_str     0x00000000     0x2175 /tmp/ccSaJYUk.o
                                 0x6a (size before relaxing)
 .debug_str     0x00002175      0x30f /tmp/ccTUKWzv.o
 .debug_str     0x00002175      0x213 /tmp/cc4rzWYC.o
 .debug_str     0x00002175      0x9eb /tmp/ccg8lSwF.o
 .debug_str     0x00002175      0xad7 libraries/lib-board/libstm32f3b.a(stm32f3_discovery.o)
 .debug_str     0x00002175      0x38b libraries/lib-mcu/libstm32f3.a(stm32f30x_exti.o)
 .debug_str     0x00002175      0x4b4 libraries/lib-mcu/libstm32f3.a(stm32f30x_gpio.o)
 .debug_str     0x00002175      0x3cf libraries/lib-mcu/libstm32f3.a(stm32f30x_misc.o)
 .debug_str     0x00002175      0x7ea libraries/lib-mcu/libstm32f3.a(stm32f30x_rcc.o)
 .debug_str     0x00002175      0x401 libraries/lib-mcu/libstm32f3.a(stm32f30x_syscfg.o)
 .debug_str     0x00002175      0x50e /home/dmytro/bin/arm-unknown-eabi/lib/gcc/arm-unknown-eabi/13.2.0/../../../../arm-unknown-eabi/lib/libg.a(libc_a-rand.o)
 .debug_str     0x00002175      0x70e /home/dmytro/bin/arm-unknown-eabi/lib/gcc/arm-unknown-eabi/13.2.0/../../../../arm-unknown-eabi/lib/libg.a(libc_a-findfp.o)
 .debug_str     0x00002175      0x50b /home/dmytro/bin/arm-unknown-eabi/lib/gcc/arm-unknown-eabi/13.2.0/../../../../arm-unknown-eabi/lib/libg.a(libc_a-impure.o)

.debug_loc
 *(.debug_loc)

.debug_macinfo
 *(.debug_macinfo)

.debug_weaknames
 *(.debug_weaknames)

.debug_funcnames
 *(.debug_funcnames)

.debug_typenames
 *(.debug_typenames)

.debug_varnames
 *(.debug_varnames)
OUTPUT(main.elf elf32-littlearm)
LOAD linker stubs
LOAD /home/dmytro/bin/arm-unknown-eabi/lib/gcc/arm-unknown-eabi/13.2.0/../../../../arm-unknown-eabi/lib/libc.a
LOAD /home/dmytro/bin/arm-unknown-eabi/lib/gcc/arm-unknown-eabi/13.2.0/../../../../arm-unknown-eabi/lib/libm.a
LOAD /home/dmytro/bin/arm-unknown-eabi/lib/gcc/arm-unknown-eabi/13.2.0/libgcc.a

.debug_line_str
                0x00000000       0x50
 .debug_line_str
                0x00000000       0x50 /tmp/ccSaJYUk.o

.debug_rnglists
                0x00000000      0x11f
 .debug_rnglists
                0x00000000       0x19 /tmp/ccSaJYUk.o
 .debug_rnglists
                0x00000019       0x1a /tmp/ccTUKWzv.o
 .debug_rnglists
                0x00000033       0x43 /tmp/cc4rzWYC.o
 .debug_rnglists
                0x00000076       0x5c /tmp/ccg8lSwF.o
 .debug_rnglists
                0x000000d2       0x1b libraries/lib-mcu/libstm32f3.a(stm32f30x_rcc.o)
 .debug_rnglists
                0x000000ed       0x32 /home/dmytro/bin/arm-unknown-eabi/lib/gcc/arm-unknown-eabi/13.2.0/../../../../arm-unknown-eabi/lib/libg.a(libc_a-findfp.o)

.debug_loclists
                0x00000000     0x108a
 .debug_loclists
                0x00000000       0x9d /tmp/ccTUKWzv.o
 .debug_loclists
                0x0000009d       0xb3 /tmp/ccg8lSwF.o
 .debug_loclists
                0x00000150       0x91 libraries/lib-board/libstm32f3b.a(stm32f3_discovery.o)
 .debug_loclists
                0x000001e1      0x26e libraries/lib-mcu/libstm32f3.a(stm32f30x_exti.o)
 .debug_loclists
                0x0000044f      0x29c libraries/lib-mcu/libstm32f3.a(stm32f30x_gpio.o)
 .debug_loclists
                0x000006eb       0xdd libraries/lib-mcu/libstm32f3.a(stm32f30x_misc.o)
 .debug_loclists
                0x000007c8      0x648 libraries/lib-mcu/libstm32f3.a(stm32f30x_rcc.o)
 .debug_loclists
                0x00000e10       0xad libraries/lib-mcu/libstm32f3.a(stm32f30x_syscfg.o)
 .debug_loclists
                0x00000ebd       0x24 /home/dmytro/bin/arm-unknown-eabi/lib/gcc/arm-unknown-eabi/13.2.0/../../../../arm-unknown-eabi/lib/libg.a(libc_a-rand.o)
 .debug_loclists
                0x00000ee1      0x1a9 /home/dmytro/bin/arm-unknown-eabi/lib/gcc/arm-unknown-eabi/13.2.0/../../../../arm-unknown-eabi/lib/libg.a(libc_a-findfp.o)
